  蠕ｩ蜈・ｯｾ雎｡縺ｮ繝励Ο繧ｸ繧ｧ繧ｯ繝医ｒ豎ｺ螳壹＠縺ｦ縺・∪縺・..
  蠕ｩ蜈・ｯｾ雎｡縺ｮ縺吶∋縺ｦ縺ｮ繝励Ο繧ｸ繧ｧ繧ｯ繝医・譛譁ｰ縺ｧ縺吶・
  Eede.Domain -> F:\mydata\program\EedeWin\Eede\Eede.Domain\bin\Debug\net8.0\Eede.Domain.dll
  Eede.Application -> F:\mydata\program\EedeWin\Eede\Eede.Application\bin\Debug\net8.0-windows\Eede.Application.dll
  Eede.Infrastructure -> F:\mydata\program\EedeWin\Eede\Eede.Infrastructure\bin\Debug\net8.0-windows\Eede.Infrastructure.dll
  Eede.Application.Tests -> F:\mydata\program\EedeWin\Eede\Eede.Application.Tests\bin\Debug\net8.0-windows\Eede.Application.Tests.dll
  Eede.Infrastructure.Tests -> F:\mydata\program\EedeWin\Eede\Eede.Infrastructure.Tests\bin\Debug\net8.0-windows\Eede.Infrastructure.Tests.dll
  Eede.Domain.Tests -> F:\mydata\program\EedeWin\Eede\Eede.Domain.Tests\bin\Debug\net8.0-windows\Eede.Domain.Tests.dll
F:\mydata\program\EedeWin\Eede\Eede.Presentation\Common\Converters\PlayPauseTextConverter.cs(9,34): warning CS8632: '#nullable' 豕ｨ驥医さ繝ｳ繝・く繧ｹ繝亥・縺ｮ繧ｳ繝ｼ繝峨〒縺ｮ縺ｿ縲¨ull 險ｱ螳ｹ蜿ら・蝙九・豕ｨ驥医ｒ菴ｿ逕ｨ縺吶ｋ蠢・ｦ√′縺ゅｊ縺ｾ縺吶・[F:\mydata\program\EedeWin\Eede\Eede.Presentation\Eede.Presentation.csproj]
F:\mydata\program\EedeWin\Eede\Eede.Presentation\Common\Converters\PlayPauseTextConverter.cs(9,66): warning CS8632: '#nullable' 豕ｨ驥医さ繝ｳ繝・く繧ｹ繝亥・縺ｮ繧ｳ繝ｼ繝峨〒縺ｮ縺ｿ縲¨ull 險ｱ螳ｹ蜿ら・蝙九・豕ｨ驥医ｒ菴ｿ逕ｨ縺吶ｋ蠢・ｦ√′縺ゅｊ縺ｾ縺吶・[F:\mydata\program\EedeWin\Eede\Eede.Presentation\Eede.Presentation.csproj]
F:\mydata\program\EedeWin\Eede\Eede.Presentation\Common\Converters\PlayPauseTextConverter.cs(9,18): warning CS8632: '#nullable' 豕ｨ驥医さ繝ｳ繝・く繧ｹ繝亥・縺ｮ繧ｳ繝ｼ繝峨〒縺ｮ縺ｿ縲¨ull 險ｱ螳ｹ蜿ら・蝙九・豕ｨ驥医ｒ菴ｿ逕ｨ縺吶ｋ蠢・ｦ√′縺ゅｊ縺ｾ縺吶・[F:\mydata\program\EedeWin\Eede\Eede.Presentation\Eede.Presentation.csproj]
F:\mydata\program\EedeWin\Eede\Eede.Presentation\Common\Converters\PlayPauseTextConverter.cs(18,38): warning CS8632: '#nullable' 豕ｨ驥医さ繝ｳ繝・く繧ｹ繝亥・縺ｮ繧ｳ繝ｼ繝峨〒縺ｮ縺ｿ縲¨ull 險ｱ螳ｹ蜿ら・蝙九・豕ｨ驥医ｒ菴ｿ逕ｨ縺吶ｋ蠢・ｦ√′縺ゅｊ縺ｾ縺吶・[F:\mydata\program\EedeWin\Eede\Eede.Presentation\Eede.Presentation.csproj]
F:\mydata\program\EedeWin\Eede\Eede.Presentation\Common\Converters\PlayPauseTextConverter.cs(18,70): warning CS8632: '#nullable' 豕ｨ驥医さ繝ｳ繝・く繧ｹ繝亥・縺ｮ繧ｳ繝ｼ繝峨〒縺ｮ縺ｿ縲¨ull 險ｱ螳ｹ蜿ら・蝙九・豕ｨ驥医ｒ菴ｿ逕ｨ縺吶ｋ蠢・ｦ√′縺ゅｊ縺ｾ縺吶・[F:\mydata\program\EedeWin\Eede\Eede.Presentation\Eede.Presentation.csproj]
F:\mydata\program\EedeWin\Eede\Eede.Presentation\Common\Converters\PlayPauseTextConverter.cs(18,18): warning CS8632: '#nullable' 豕ｨ驥医さ繝ｳ繝・く繧ｹ繝亥・縺ｮ繧ｳ繝ｼ繝峨〒縺ｮ縺ｿ縲¨ull 險ｱ螳ｹ蜿ら・蝙九・豕ｨ驥医ｒ菴ｿ逕ｨ縺吶ｋ蠢・ｦ√′縺ゅｊ縺ｾ縺吶・[F:\mydata\program\EedeWin\Eede\Eede.Presentation\Eede.Presentation.csproj]
F:\mydata\program\EedeWin\Eede\Eede.Presentation\ViewModels\Animations\AnimationViewModel.cs(26,39): warning CS8632: '#nullable' 豕ｨ驥医さ繝ｳ繝・く繧ｹ繝亥・縺ｮ繧ｳ繝ｼ繝峨〒縺ｮ縺ｿ縲¨ull 險ｱ螳ｹ蜿ら・蝙九・豕ｨ驥医ｒ菴ｿ逕ｨ縺吶ｋ蠢・ｦ√′縺ゅｊ縺ｾ縺吶・[F:\mydata\program\EedeWin\Eede\Eede.Presentation\Eede.Presentation.csproj]
F:\mydata\program\EedeWin\Eede\Eede.Presentation\Views\Navigation\DrawStyleMenu.axaml.cs(48,43): warning CS8632: '#nullable' 豕ｨ驥医さ繝ｳ繝・く繧ｹ繝亥・縺ｮ繧ｳ繝ｼ繝峨〒縺ｮ縺ｿ縲¨ull 險ｱ螳ｹ蜿ら・蝙九・豕ｨ驥医ｒ菴ｿ逕ｨ縺吶ｋ蠢・ｦ√′縺ゅｊ縺ｾ縺吶・[F:\mydata\program\EedeWin\Eede\Eede.Presentation\Eede.Presentation.csproj]
F:\mydata\program\EedeWin\Eede\Eede.Presentation\Views\DataEntry\DrawableCanvas.axaml.cs(27,24): warning CS8632: '#nullable' 豕ｨ驥医さ繝ｳ繝・く繧ｹ繝亥・縺ｮ繧ｳ繝ｼ繝峨〒縺ｮ縺ｿ縲¨ull 險ｱ螳ｹ蜿ら・蝙九・豕ｨ驥医ｒ菴ｿ逕ｨ縺吶ｋ蠢・ｦ√′縺ゅｊ縺ｾ縺吶・[F:\mydata\program\EedeWin\Eede\Eede.Presentation\Eede.Presentation.csproj]
F:\mydata\program\EedeWin\Eede\Eede.Presentation\Views\DataEntry\DrawableCanvas.axaml.cs(35,24): warning CS8632: '#nullable' 豕ｨ驥医さ繝ｳ繝・く繧ｹ繝亥・縺ｮ繧ｳ繝ｼ繝峨〒縺ｮ縺ｿ縲¨ull 險ｱ螳ｹ蜿ら・蝙九・豕ｨ驥医ｒ菴ｿ逕ｨ縺吶ｋ蠢・ｦ√′縺ゅｊ縺ｾ縺吶・[F:\mydata\program\EedeWin\Eede\Eede.Presentation\Eede.Presentation.csproj]
F:\mydata\program\EedeWin\Eede\Eede.Presentation\Views\DataEntry\DrawableCanvas.axaml.cs(43,24): warning CS8632: '#nullable' 豕ｨ驥医さ繝ｳ繝・く繧ｹ繝亥・縺ｮ繧ｳ繝ｼ繝峨〒縺ｮ縺ｿ縲¨ull 險ｱ螳ｹ蜿ら・蝙九・豕ｨ驥医ｒ菴ｿ逕ｨ縺吶ｋ蠢・ｦ√′縺ゅｊ縺ｾ縺吶・[F:\mydata\program\EedeWin\Eede\Eede.Presentation\Eede.Presentation.csproj]
F:\mydata\program\EedeWin\Eede\Eede.Presentation\Views\DataEntry\DrawableCanvas.axaml.cs(51,24): warning CS8632: '#nullable' 豕ｨ驥医さ繝ｳ繝・く繧ｹ繝亥・縺ｮ繧ｳ繝ｼ繝峨〒縺ｮ縺ｿ縲¨ull 險ｱ螳ｹ蜿ら・蝙九・豕ｨ驥医ｒ菴ｿ逕ｨ縺吶ｋ蠢・ｦ√′縺ゅｊ縺ｾ縺吶・[F:\mydata\program\EedeWin\Eede\Eede.Presentation\Eede.Presentation.csproj]
F:\mydata\program\EedeWin\Eede\Eede.Presentation\Views\DataEntry\DrawableCanvas.axaml.cs(59,24): warning CS8632: '#nullable' 豕ｨ驥医さ繝ｳ繝・く繧ｹ繝亥・縺ｮ繧ｳ繝ｼ繝峨〒縺ｮ縺ｿ縲¨ull 險ｱ螳ｹ蜿ら・蝙九・豕ｨ驥医ｒ菴ｿ逕ｨ縺吶ｋ蠢・ｦ√′縺ゅｊ縺ｾ縺吶・[F:\mydata\program\EedeWin\Eede\Eede.Presentation\Eede.Presentation.csproj]
F:\mydata\program\EedeWin\Eede\Eede.Presentation\Views\General\GridView.axaml.cs(16,28): warning CS8632: '#nullable' 豕ｨ驥医さ繝ｳ繝・く繧ｹ繝亥・縺ｮ繧ｳ繝ｼ繝峨〒縺ｮ縺ｿ縲¨ull 險ｱ螳ｹ蜿ら・蝙九・豕ｨ驥医ｒ菴ｿ逕ｨ縺吶ｋ蠢・ｦ√′縺ゅｊ縺ｾ縺吶・[F:\mydata\program\EedeWin\Eede\Eede.Presentation\Eede.Presentation.csproj]
F:\mydata\program\EedeWin\Eede\Eede.Presentation\Views\DataDisplay\PictureFrame.axaml.cs(22,21): warning CS8632: '#nullable' 豕ｨ驥医さ繝ｳ繝・く繧ｹ繝亥・縺ｮ繧ｳ繝ｼ繝峨〒縺ｮ縺ｿ縲¨ull 險ｱ螳ｹ蜿ら・蝙九・豕ｨ驥医ｒ菴ｿ逕ｨ縺吶ｋ蠢・ｦ√′縺ゅｊ縺ｾ縺吶・[F:\mydata\program\EedeWin\Eede\Eede.Presentation\Eede.Presentation.csproj]
F:\mydata\program\EedeWin\Eede\Eede.Presentation\Views\DataEntry\ColorPicker.axaml.cs(140,47): warning CS8632: '#nullable' 豕ｨ驥医さ繝ｳ繝・く繧ｹ繝亥・縺ｮ繧ｳ繝ｼ繝峨〒縺ｮ縺ｿ縲¨ull 險ｱ螳ｹ蜿ら・蝙九・豕ｨ驥医ｒ菴ｿ逕ｨ縺吶ｋ蠢・ｦ√′縺ゅｊ縺ｾ縺吶・[F:\mydata\program\EedeWin\Eede\Eede.Presentation\Eede.Presentation.csproj]
F:\mydata\program\EedeWin\Eede\Eede.Presentation\Views\DataEntry\DrawableCanvas.axaml.cs(73,38): warning CS8632: '#nullable' 豕ｨ驥医さ繝ｳ繝・く繧ｹ繝亥・縺ｮ繧ｳ繝ｼ繝峨〒縺ｮ縺ｿ縲¨ull 險ｱ螳ｹ蜿ら・蝙九・豕ｨ驥医ｒ菴ｿ逕ｨ縺吶ｋ蠢・ｦ√′縺ゅｊ縺ｾ縺吶・[F:\mydata\program\EedeWin\Eede\Eede.Presentation\Eede.Presentation.csproj]
F:\mydata\program\EedeWin\Eede\Eede.Presentation\Views\DataEntry\ColorPicker.axaml.cs(145,44): warning CS8632: '#nullable' 豕ｨ驥医さ繝ｳ繝・く繧ｹ繝亥・縺ｮ繧ｳ繝ｼ繝峨〒縺ｮ縺ｿ縲¨ull 險ｱ螳ｹ蜿ら・蝙九・豕ｨ驥医ｒ菴ｿ逕ｨ縺吶ｋ蠢・ｦ√′縺ゅｊ縺ｾ縺吶・[F:\mydata\program\EedeWin\Eede\Eede.Presentation\Eede.Presentation.csproj]
F:\mydata\program\EedeWin\Eede\Eede.Presentation\Views\DataDisplay\PictureFrame.axaml.cs(35,25): warning CS8632: '#nullable' 豕ｨ驥医さ繝ｳ繝・く繧ｹ繝亥・縺ｮ繧ｳ繝ｼ繝峨〒縺ｮ縺ｿ縲¨ull 險ｱ螳ｹ蜿ら・蝙九・豕ｨ驥医ｒ菴ｿ逕ｨ縺吶ｋ蠢・ｦ√′縺ゅｊ縺ｾ縺吶・[F:\mydata\program\EedeWin\Eede\Eede.Presentation\Eede.Presentation.csproj]
F:\mydata\program\EedeWin\Eede\Eede.Presentation\Views\DataEntry\DrawableCanvas.axaml.cs(81,36): warning CS8632: '#nullable' 豕ｨ驥医さ繝ｳ繝・く繧ｹ繝亥・縺ｮ繧ｳ繝ｼ繝峨〒縺ｮ縺ｿ縲¨ull 險ｱ螳ｹ蜿ら・蝙九・豕ｨ驥医ｒ菴ｿ逕ｨ縺吶ｋ蠢・ｦ√′縺ゅｊ縺ｾ縺吶・[F:\mydata\program\EedeWin\Eede\Eede.Presentation\Eede.Presentation.csproj]
F:\mydata\program\EedeWin\Eede\Eede.Presentation\Views\DataEntry\DrawableCanvas.axaml.cs(91,51): warning CS8632: '#nullable' 豕ｨ驥医さ繝ｳ繝・く繧ｹ繝亥・縺ｮ繧ｳ繝ｼ繝峨〒縺ｮ縺ｿ縲¨ull 險ｱ螳ｹ蜿ら・蝙九・豕ｨ驥医ｒ菴ｿ逕ｨ縺吶ｋ蠢・ｦ√′縺ゅｊ縺ｾ縺吶・[F:\mydata\program\EedeWin\Eede\Eede.Presentation\Eede.Presentation.csproj]
F:\mydata\program\EedeWin\Eede\Eede.Presentation\Views\General\GridView.axaml.cs(13,59): warning CS8632: '#nullable' 豕ｨ驥医さ繝ｳ繝・く繧ｹ繝亥・縺ｮ繧ｳ繝ｼ繝峨〒縺ｮ縺ｿ縲¨ull 險ｱ螳ｹ蜿ら・蝙九・豕ｨ驥医ｒ菴ｿ逕ｨ縺吶ｋ蠢・ｦ√′縺ゅｊ縺ｾ縺吶・[F:\mydata\program\EedeWin\Eede\Eede.Presentation\Eede.Presentation.csproj]
F:\mydata\program\EedeWin\Eede\Eede.Presentation\Views\DataEntry\GradationPicker.axaml.cs(31,23): warning CS8632: '#nullable' 豕ｨ驥医さ繝ｳ繝・く繧ｹ繝亥・縺ｮ繧ｳ繝ｼ繝峨〒縺ｮ縺ｿ縲¨ull 險ｱ螳ｹ蜿ら・蝙九・豕ｨ驥医ｒ菴ｿ逕ｨ縺吶ｋ蠢・ｦ√′縺ゅｊ縺ｾ縺吶・[F:\mydata\program\EedeWin\Eede\Eede.Presentation\Eede.Presentation.csproj]
F:\mydata\program\EedeWin\Eede\Eede.Presentation\Views\DataEntry\DrawableCanvas.axaml.cs(107,50): warning CS8632: '#nullable' 豕ｨ驥医さ繝ｳ繝・く繧ｹ繝亥・縺ｮ繧ｳ繝ｼ繝峨〒縺ｮ縺ｿ縲¨ull 險ｱ螳ｹ蜿ら・蝙九・豕ｨ驥医ｒ菴ｿ逕ｨ縺吶ｋ蠢・ｦ√′縺ゅｊ縺ｾ縺吶・[F:\mydata\program\EedeWin\Eede\Eede.Presentation\Eede.Presentation.csproj]
F:\mydata\program\EedeWin\Eede\Eede.Presentation\Views\DataDisplay\PictureFrame.axaml.cs(15,66): warning CS8632: '#nullable' 豕ｨ驥医さ繝ｳ繝・く繧ｹ繝亥・縺ｮ繧ｳ繝ｼ繝峨〒縺ｮ縺ｿ縲¨ull 險ｱ螳ｹ蜿ら・蝙九・豕ｨ驥医ｒ菴ｿ逕ｨ縺吶ｋ蠢・ｦ√′縺ゅｊ縺ｾ縺吶・[F:\mydata\program\EedeWin\Eede\Eede.Presentation\Eede.Presentation.csproj]
F:\mydata\program\EedeWin\Eede\Eede.Presentation\Views\DataEntry\DrawableCanvas.axaml.cs(118,52): warning CS8632: '#nullable' 豕ｨ驥医さ繝ｳ繝・く繧ｹ繝亥・縺ｮ繧ｳ繝ｼ繝峨〒縺ｮ縺ｿ縲¨ull 險ｱ螳ｹ蜿ら・蝙九・豕ｨ驥医ｒ菴ｿ逕ｨ縺吶ｋ蠢・ｦ√′縺ゅｊ縺ｾ縺吶・[F:\mydata\program\EedeWin\Eede\Eede.Presentation\Eede.Presentation.csproj]
F:\mydata\program\EedeWin\Eede\Eede.Presentation\ViewModels\Animations\AnimationViewModel.cs(32,26): warning CS8632: '#nullable' 豕ｨ驥医さ繝ｳ繝・く繧ｹ繝亥・縺ｮ繧ｳ繝ｼ繝峨〒縺ｮ縺ｿ縲¨ull 險ｱ螳ｹ蜿ら・蝙九・豕ｨ驥医ｒ菴ｿ逕ｨ縺吶ｋ蠢・ｦ√′縺ゅｊ縺ｾ縺吶・[F:\mydata\program\EedeWin\Eede\Eede.Presentation\Eede.Presentation.csproj]
F:\mydata\program\EedeWin\Eede\Eede.Presentation\Views\DataEntry\DrawableCanvas.axaml.cs(128,50): warning CS8632: '#nullable' 豕ｨ驥医さ繝ｳ繝・く繧ｹ繝亥・縺ｮ繧ｳ繝ｼ繝峨〒縺ｮ縺ｿ縲¨ull 險ｱ螳ｹ蜿ら・蝙九・豕ｨ驥医ｒ菴ｿ逕ｨ縺吶ｋ蠢・ｦ√′縺ゅｊ縺ｾ縺吶・[F:\mydata\program\EedeWin\Eede\Eede.Presentation\Eede.Presentation.csproj]
F:\mydata\program\EedeWin\Eede\Eede.Presentation\Views\DataDisplay\PictureFrame.axaml.cs(21,22): warning CS8632: '#nullable' 豕ｨ驥医さ繝ｳ繝・く繧ｹ繝亥・縺ｮ繧ｳ繝ｼ繝峨〒縺ｮ縺ｿ縲¨ull 險ｱ螳ｹ蜿ら・蝙九・豕ｨ驥医ｒ菴ｿ逕ｨ縺吶ｋ蠢・ｦ√′縺ゅｊ縺ｾ縺吶・[F:\mydata\program\EedeWin\Eede\Eede.Presentation\Eede.Presentation.csproj]
F:\mydata\program\EedeWin\Eede\Eede.Presentation\Views\DataEntry\GradationPicker.axaml.cs(59,47): warning CS8632: '#nullable' 豕ｨ驥医さ繝ｳ繝・く繧ｹ繝亥・縺ｮ繧ｳ繝ｼ繝峨〒縺ｮ縺ｿ縲¨ull 險ｱ螳ｹ蜿ら・蝙九・豕ｨ驥医ｒ菴ｿ逕ｨ縺吶ｋ蠢・ｦ√′縺ゅｊ縺ｾ縺吶・[F:\mydata\program\EedeWin\Eede\Eede.Presentation\Eede.Presentation.csproj]
F:\mydata\program\EedeWin\Eede\Eede.Presentation\Views\Navigation\PictureActionMenu.axaml.cs(20,24): warning CS8632: '#nullable' 豕ｨ驥医さ繝ｳ繝・く繧ｹ繝亥・縺ｮ繧ｳ繝ｼ繝峨〒縺ｮ縺ｿ縲¨ull 險ｱ螳ｹ蜿ら・蝙九・豕ｨ驥医ｒ菴ｿ逕ｨ縺吶ｋ蠢・ｦ√′縺ゅｊ縺ｾ縺吶・[F:\mydata\program\EedeWin\Eede\Eede.Presentation\Eede.Presentation.csproj]
F:\mydata\program\EedeWin\Eede\Eede.Presentation\Views\DataEntry\DrawableCanvas.axaml.cs(25,55): warning CS8632: '#nullable' 豕ｨ驥医さ繝ｳ繝・く繧ｹ繝亥・縺ｮ繧ｳ繝ｼ繝峨〒縺ｮ縺ｿ縲¨ull 險ｱ螳ｹ蜿ら・蝙九・豕ｨ驥医ｒ菴ｿ逕ｨ縺吶ｋ蠢・ｦ√′縺ゅｊ縺ｾ縺吶・[F:\mydata\program\EedeWin\Eede\Eede.Presentation\Eede.Presentation.csproj]
F:\mydata\program\EedeWin\Eede\Eede.Presentation\Views\DataDisplay\PictureFrame.axaml.cs(28,70): warning CS8632: '#nullable' 豕ｨ驥医さ繝ｳ繝・く繧ｹ繝亥・縺ｮ繧ｳ繝ｼ繝峨〒縺ｮ縺ｿ縲¨ull 險ｱ螳ｹ蜿ら・蝙九・豕ｨ驥医ｒ菴ｿ逕ｨ縺吶ｋ蠢・ｦ√′縺ゅｊ縺ｾ縺吶・[F:\mydata\program\EedeWin\Eede\Eede.Presentation\Eede.Presentation.csproj]
F:\mydata\program\EedeWin\Eede\Eede.Presentation\Views\DataEntry\DrawableCanvas.axaml.cs(33,55): warning CS8632: '#nullable' 豕ｨ驥医さ繝ｳ繝・く繧ｹ繝亥・縺ｮ繧ｳ繝ｼ繝峨〒縺ｮ縺ｿ縲¨ull 險ｱ螳ｹ蜿ら・蝙九・豕ｨ驥医ｒ菴ｿ逕ｨ縺吶ｋ蠢・ｦ√′縺ゅｊ縺ｾ縺吶・[F:\mydata\program\EedeWin\Eede\Eede.Presentation\Eede.Presentation.csproj]
F:\mydata\program\EedeWin\Eede\Eede.Presentation\Views\DataEntry\DrawableCanvas.axaml.cs(41,55): warning CS8632: '#nullable' 豕ｨ驥医さ繝ｳ繝・く繧ｹ繝亥・縺ｮ繧ｳ繝ｼ繝峨〒縺ｮ縺ｿ縲¨ull 險ｱ螳ｹ蜿ら・蝙九・豕ｨ驥医ｒ菴ｿ逕ｨ縺吶ｋ蠢・ｦ√′縺ゅｊ縺ｾ縺吶・[F:\mydata\program\EedeWin\Eede\Eede.Presentation\Eede.Presentation.csproj]
F:\mydata\program\EedeWin\Eede\Eede.Presentation\Views\DataDisplay\PictureFrame.axaml.cs(34,26): warning CS8632: '#nullable' 豕ｨ驥医さ繝ｳ繝・く繧ｹ繝亥・縺ｮ繧ｳ繝ｼ繝峨〒縺ｮ縺ｿ縲¨ull 險ｱ螳ｹ蜿ら・蝙九・豕ｨ驥医ｒ菴ｿ逕ｨ縺吶ｋ蠢・ｦ√′縺ゅｊ縺ｾ縺吶・[F:\mydata\program\EedeWin\Eede\Eede.Presentation\Eede.Presentation.csproj]
F:\mydata\program\EedeWin\Eede\Eede.Presentation\Views\Navigation\PictureActionMenu.axaml.cs(17,55): warning CS8632: '#nullable' 豕ｨ驥医さ繝ｳ繝・く繧ｹ繝亥・縺ｮ繧ｳ繝ｼ繝峨〒縺ｮ縺ｿ縲¨ull 險ｱ螳ｹ蜿ら・蝙九・豕ｨ驥医ｒ菴ｿ逕ｨ縺吶ｋ蠢・ｦ√′縺ゅｊ縺ｾ縺吶・[F:\mydata\program\EedeWin\Eede\Eede.Presentation\Eede.Presentation.csproj]
F:\mydata\program\EedeWin\Eede\Eede.Presentation\ViewModels\Animations\AnimationViewModel.cs(39,30): warning CS8632: '#nullable' 豕ｨ驥医さ繝ｳ繝・く繧ｹ繝亥・縺ｮ繧ｳ繝ｼ繝峨〒縺ｮ縺ｿ縲¨ull 險ｱ螳ｹ蜿ら・蝙九・豕ｨ驥医ｒ菴ｿ逕ｨ縺吶ｋ蠢・ｦ√′縺ゅｊ縺ｾ縺吶・[F:\mydata\program\EedeWin\Eede\Eede.Presentation\Eede.Presentation.csproj]
F:\mydata\program\EedeWin\Eede\Eede.Presentation\Views\DataEntry\DrawableCanvas.axaml.cs(49,55): warning CS8632: '#nullable' 豕ｨ驥医さ繝ｳ繝・く繧ｹ繝亥・縺ｮ繧ｳ繝ｼ繝峨〒縺ｮ縺ｿ縲¨ull 險ｱ螳ｹ蜿ら・蝙九・豕ｨ驥医ｒ菴ｿ逕ｨ縺吶ｋ蠢・ｦ√′縺ゅｊ縺ｾ縺吶・[F:\mydata\program\EedeWin\Eede\Eede.Presentation\Eede.Presentation.csproj]
F:\mydata\program\EedeWin\Eede\Eede.Presentation\ViewModels\Animations\AnimationViewModel.cs(40,29): warning CS8632: '#nullable' 豕ｨ驥医さ繝ｳ繝・く繧ｹ繝亥・縺ｮ繧ｳ繝ｼ繝峨〒縺ｮ縺ｿ縲¨ull 險ｱ螳ｹ蜿ら・蝙九・豕ｨ驥医ｒ菴ｿ逕ｨ縺吶ｋ蠢・ｦ√′縺ゅｊ縺ｾ縺吶・[F:\mydata\program\EedeWin\Eede\Eede.Presentation\Eede.Presentation.csproj]
F:\mydata\program\EedeWin\Eede\Eede.Presentation\Views\DataEntry\DrawableCanvas.axaml.cs(57,55): warning CS8632: '#nullable' 豕ｨ驥医さ繝ｳ繝・く繧ｹ繝亥・縺ｮ繧ｳ繝ｼ繝峨〒縺ｮ縺ｿ縲¨ull 險ｱ螳ｹ蜿ら・蝙九・豕ｨ驥医ｒ菴ｿ逕ｨ縺吶ｋ蠢・ｦ√′縺ゅｊ縺ｾ縺吶・[F:\mydata\program\EedeWin\Eede\Eede.Presentation\Eede.Presentation.csproj]
F:\mydata\program\EedeWin\Eede\Eede.Presentation\Views\DataEntry\PaletteForm.axaml.cs(31,20): warning CS8632: '#nullable' 豕ｨ驥医さ繝ｳ繝・く繧ｹ繝亥・縺ｮ繧ｳ繝ｼ繝峨〒縺ｮ縺ｿ縲¨ull 險ｱ螳ｹ蜿ら・蝙九・豕ｨ驥医ｒ菴ｿ逕ｨ縺吶ｋ蠢・ｦ√′縺ゅｊ縺ｾ縺吶・[F:\mydata\program\EedeWin\Eede\Eede.Presentation\Eede.Presentation.csproj]
F:\mydata\program\EedeWin\Eede\Eede.Presentation\Views\DataEntry\PaletteForm.axaml.cs(39,20): warning CS8632: '#nullable' 豕ｨ驥医さ繝ｳ繝・く繧ｹ繝亥・縺ｮ繧ｳ繝ｼ繝峨〒縺ｮ縺ｿ縲¨ull 險ｱ螳ｹ蜿ら・蝙九・豕ｨ驥医ｒ菴ｿ逕ｨ縺吶ｋ蠢・ｦ√′縺ゅｊ縺ｾ縺吶・[F:\mydata\program\EedeWin\Eede\Eede.Presentation\Eede.Presentation.csproj]
F:\mydata\program\EedeWin\Eede\Eede.Presentation\Views\DataEntry\PaletteContainer.axaml.cs(21,20): warning CS8632: '#nullable' 豕ｨ驥医さ繝ｳ繝・く繧ｹ繝亥・縺ｮ繧ｳ繝ｼ繝峨〒縺ｮ縺ｿ縲¨ull 險ｱ螳ｹ蜿ら・蝙九・豕ｨ驥医ｒ菴ｿ逕ｨ縺吶ｋ蠢・ｦ√′縺ゅｊ縺ｾ縺吶・[F:\mydata\program\EedeWin\Eede\Eede.Presentation\Eede.Presentation.csproj]
F:\mydata\program\EedeWin\Eede\Eede.Presentation\Views\DataEntry\PaletteForm.axaml.cs(86,47): warning CS8632: '#nullable' 豕ｨ驥医さ繝ｳ繝・く繧ｹ繝亥・縺ｮ繧ｳ繝ｼ繝峨〒縺ｮ縺ｿ縲¨ull 險ｱ螳ｹ蜿ら・蝙九・豕ｨ驥医ｒ菴ｿ逕ｨ縺吶ｋ蠢・ｦ√′縺ゅｊ縺ｾ縺吶・[F:\mydata\program\EedeWin\Eede\Eede.Presentation\Eede.Presentation.csproj]
F:\mydata\program\EedeWin\Eede\Eede.Presentation\Views\DataEntry\PaletteContainer.axaml.cs(29,20): warning CS8632: '#nullable' 豕ｨ驥医さ繝ｳ繝・く繧ｹ繝亥・縺ｮ繧ｳ繝ｼ繝峨〒縺ｮ縺ｿ縲¨ull 險ｱ螳ｹ蜿ら・蝙九・豕ｨ驥医ｒ菴ｿ逕ｨ縺吶ｋ蠢・ｦ√′縺ゅｊ縺ｾ縺吶・[F:\mydata\program\EedeWin\Eede\Eede.Presentation\Eede.Presentation.csproj]
F:\mydata\program\EedeWin\Eede\Eede.Presentation\Views\DataEntry\PictureContainer.axaml.cs(35,37): warning CS8632: '#nullable' 豕ｨ驥医さ繝ｳ繝・く繧ｹ繝亥・縺ｮ繧ｳ繝ｼ繝峨〒縺ｮ縺ｿ縲¨ull 險ｱ螳ｹ蜿ら・蝙九・豕ｨ驥医ｒ菴ｿ逕ｨ縺吶ｋ蠢・ｦ√′縺ゅｊ縺ｾ縺吶・[F:\mydata\program\EedeWin\Eede\Eede.Presentation\Eede.Presentation.csproj]
F:\mydata\program\EedeWin\Eede\Eede.Presentation\Views\DataEntry\PictureContainer.axaml.cs(40,64): warning CS8632: '#nullable' 豕ｨ驥医さ繝ｳ繝・く繧ｹ繝亥・縺ｮ繧ｳ繝ｼ繝峨〒縺ｮ縺ｿ縲¨ull 險ｱ螳ｹ蜿ら・蝙九・豕ｨ驥医ｒ菴ｿ逕ｨ縺吶ｋ蠢・ｦ√′縺ゅｊ縺ｾ縺吶・[F:\mydata\program\EedeWin\Eede\Eede.Presentation\Eede.Presentation.csproj]
F:\mydata\program\EedeWin\Eede\Eede.Presentation\Views\DataEntry\PaletteForm.axaml.cs(29,51): warning CS8632: '#nullable' 豕ｨ驥医さ繝ｳ繝・く繧ｹ繝亥・縺ｮ繧ｳ繝ｼ繝峨〒縺ｮ縺ｿ縲¨ull 險ｱ螳ｹ蜿ら・蝙九・豕ｨ驥医ｒ菴ｿ逕ｨ縺吶ｋ蠢・ｦ√′縺ゅｊ縺ｾ縺吶・[F:\mydata\program\EedeWin\Eede\Eede.Presentation\Eede.Presentation.csproj]
F:\mydata\program\EedeWin\Eede\Eede.Presentation\Views\DataEntry\PaletteForm.axaml.cs(37,51): warning CS8632: '#nullable' 豕ｨ驥医さ繝ｳ繝・く繧ｹ繝亥・縺ｮ繧ｳ繝ｼ繝峨〒縺ｮ縺ｿ縲¨ull 險ｱ螳ｹ蜿ら・蝙九・豕ｨ驥医ｒ菴ｿ逕ｨ縺吶ｋ蠢・ｦ√′縺ゅｊ縺ｾ縺吶・[F:\mydata\program\EedeWin\Eede\Eede.Presentation\Eede.Presentation.csproj]
F:\mydata\program\EedeWin\Eede\Eede.Presentation\Views\DataEntry\PictureContainer.axaml.cs(170,24): warning CS8632: '#nullable' 豕ｨ驥医さ繝ｳ繝・く繧ｹ繝亥・縺ｮ繧ｳ繝ｼ繝峨〒縺ｮ縺ｿ縲¨ull 險ｱ螳ｹ蜿ら・蝙九・豕ｨ驥医ｒ菴ｿ逕ｨ縺吶ｋ蠢・ｦ√′縺ゅｊ縺ｾ縺吶・[F:\mydata\program\EedeWin\Eede\Eede.Presentation\Eede.Presentation.csproj]
F:\mydata\program\EedeWin\Eede\Eede.Presentation\Views\DataEntry\PaletteContainer.axaml.cs(19,51): warning CS8632: '#nullable' 豕ｨ驥医さ繝ｳ繝・く繧ｹ繝亥・縺ｮ繧ｳ繝ｼ繝峨〒縺ｮ縺ｿ縲¨ull 險ｱ螳ｹ蜿ら・蝙九・豕ｨ驥医ｒ菴ｿ逕ｨ縺吶ｋ蠢・ｦ√′縺ゅｊ縺ｾ縺吶・[F:\mydata\program\EedeWin\Eede\Eede.Presentation\Eede.Presentation.csproj]
F:\mydata\program\EedeWin\Eede\Eede.Presentation\Views\DataEntry\PictureContainer.axaml.cs(178,24): warning CS8632: '#nullable' 豕ｨ驥医さ繝ｳ繝・く繧ｹ繝亥・縺ｮ繧ｳ繝ｼ繝峨〒縺ｮ縺ｿ縲¨ull 險ｱ螳ｹ蜿ら・蝙九・豕ｨ驥医ｒ菴ｿ逕ｨ縺吶ｋ蠢・ｦ√′縺ゅｊ縺ｾ縺吶・[F:\mydata\program\EedeWin\Eede\Eede.Presentation\Eede.Presentation.csproj]
F:\mydata\program\EedeWin\Eede\Eede.Presentation\Views\DataEntry\PictureContainer.axaml.cs(186,24): warning CS8632: '#nullable' 豕ｨ驥医さ繝ｳ繝・く繧ｹ繝亥・縺ｮ繧ｳ繝ｼ繝峨〒縺ｮ縺ｿ縲¨ull 險ｱ螳ｹ蜿ら・蝙九・豕ｨ驥医ｒ菴ｿ逕ｨ縺吶ｋ蠢・ｦ√′縺ゅｊ縺ｾ縺吶・[F:\mydata\program\EedeWin\Eede\Eede.Presentation\Eede.Presentation.csproj]
F:\mydata\program\EedeWin\Eede\Eede.Presentation\Views\DataEntry\PaletteContainer.axaml.cs(27,51): warning CS8632: '#nullable' 豕ｨ驥医さ繝ｳ繝・く繧ｹ繝亥・縺ｮ繧ｳ繝ｼ繝峨〒縺ｮ縺ｿ縲¨ull 險ｱ螳ｹ蜿ら・蝙九・豕ｨ驥医ｒ菴ｿ逕ｨ縺吶ｋ蠢・ｦ√′縺ゅｊ縺ｾ縺吶・[F:\mydata\program\EedeWin\Eede\Eede.Presentation\Eede.Presentation.csproj]
F:\mydata\program\EedeWin\Eede\Eede.Presentation\Views\DataEntry\PictureContainer.axaml.cs(205,45): warning CS8632: '#nullable' 豕ｨ驥医さ繝ｳ繝・く繧ｹ繝亥・縺ｮ繧ｳ繝ｼ繝峨〒縺ｮ縺ｿ縲¨ull 險ｱ螳ｹ蜿ら・蝙九・豕ｨ驥医ｒ菴ｿ逕ｨ縺吶ｋ蠢・ｦ√′縺ゅｊ縺ｾ縺吶・[F:\mydata\program\EedeWin\Eede\Eede.Presentation\Eede.Presentation.csproj]
F:\mydata\program\EedeWin\Eede\Eede.Presentation\Views\DataEntry\PictureContainer.axaml.cs(271,43): warning CS8632: '#nullable' 豕ｨ驥医さ繝ｳ繝・く繧ｹ繝亥・縺ｮ繧ｳ繝ｼ繝峨〒縺ｮ縺ｿ縲¨ull 險ｱ螳ｹ蜿ら・蝙九・豕ｨ驥医ｒ菴ｿ逕ｨ縺吶ｋ蠢・ｦ√′縺ゅｊ縺ｾ縺吶・[F:\mydata\program\EedeWin\Eede\Eede.Presentation\Eede.Presentation.csproj]
F:\mydata\program\EedeWin\Eede\Eede.Presentation\Views\DataEntry\PictureContainer.axaml.cs(289,46): warning CS8632: '#nullable' 豕ｨ驥医さ繝ｳ繝・く繧ｹ繝亥・縺ｮ繧ｳ繝ｼ繝峨〒縺ｮ縺ｿ縲¨ull 險ｱ螳ｹ蜿ら・蝙九・豕ｨ驥医ｒ菴ｿ逕ｨ縺吶ｋ蠢・ｦ√′縺ゅｊ縺ｾ縺吶・[F:\mydata\program\EedeWin\Eede\Eede.Presentation\Eede.Presentation.csproj]
F:\mydata\program\EedeWin\Eede\Eede.Presentation\Views\DataEntry\PictureContainer.axaml.cs(326,44): warning CS8632: '#nullable' 豕ｨ驥医さ繝ｳ繝・く繧ｹ繝亥・縺ｮ繧ｳ繝ｼ繝峨〒縺ｮ縺ｿ縲¨ull 險ｱ螳ｹ蜿ら・蝙九・豕ｨ驥医ｒ菴ｿ逕ｨ縺吶ｋ蠢・ｦ√′縺ゅｊ縺ｾ縺吶・[F:\mydata\program\EedeWin\Eede\Eede.Presentation\Eede.Presentation.csproj]
F:\mydata\program\EedeWin\Eede\Eede.Presentation\ViewModels\Animations\AnimationViewModel.cs(47,28): error CS0246: 蝙九∪縺溘・蜷榊燕遨ｺ髢薙・蜷榊燕 'StorageService' 縺瑚ｦ九▽縺九ｊ縺ｾ縺帙ｓ縺ｧ縺励◆ (using 繝・ぅ繝ｬ繧ｯ繝・ぅ繝悶∪縺溘・繧｢繧ｻ繝ｳ繝悶Μ蜿ら・縺梧欠螳壹＆繧後※縺・ｋ縺薙→繧堤｢ｺ隱阪＠縺ｦ縺上□縺輔＞) [F:\mydata\program\EedeWin\Eede\Eede.Presentation\Eede.Presentation.csproj]
F:\mydata\program\EedeWin\Eede\Eede.Presentation\Views\DataEntry\PictureContainer.axaml.cs(22,37): warning CS8632: '#nullable' 豕ｨ驥医さ繝ｳ繝・く繧ｹ繝亥・縺ｮ繧ｳ繝ｼ繝峨〒縺ｮ縺ｿ縲¨ull 險ｱ螳ｹ蜿ら・蝙九・豕ｨ驥医ｒ菴ｿ逕ｨ縺吶ｋ蠢・ｦ√′縺ゅｊ縺ｾ縺吶・[F:\mydata\program\EedeWin\Eede\Eede.Presentation\Eede.Presentation.csproj]
F:\mydata\program\EedeWin\Eede\Eede.Presentation\Views\DataEntry\PictureContainer.axaml.cs(168,55): warning CS8632: '#nullable' 豕ｨ驥医さ繝ｳ繝・く繧ｹ繝亥・縺ｮ繧ｳ繝ｼ繝峨〒縺ｮ縺ｿ縲¨ull 險ｱ螳ｹ蜿ら・蝙九・豕ｨ驥医ｒ菴ｿ逕ｨ縺吶ｋ蠢・ｦ√′縺ゅｊ縺ｾ縺吶・[F:\mydata\program\EedeWin\Eede\Eede.Presentation\Eede.Presentation.csproj]
F:\mydata\program\EedeWin\Eede\Eede.Presentation\Views\DataEntry\PictureContainer.axaml.cs(176,55): warning CS8632: '#nullable' 豕ｨ驥医さ繝ｳ繝・く繧ｹ繝亥・縺ｮ繧ｳ繝ｼ繝峨〒縺ｮ縺ｿ縲¨ull 險ｱ螳ｹ蜿ら・蝙九・豕ｨ驥医ｒ菴ｿ逕ｨ縺吶ｋ蠢・ｦ√′縺ゅｊ縺ｾ縺吶・[F:\mydata\program\EedeWin\Eede\Eede.Presentation\Eede.Presentation.csproj]
F:\mydata\program\EedeWin\Eede\Eede.Presentation\ViewModels\Animations\AnimationViewModel.cs(48,28): error CS0246: 蝙九∪縺溘・蜷榊燕遨ｺ髢薙・蜷榊燕 'StorageService' 縺瑚ｦ九▽縺九ｊ縺ｾ縺帙ｓ縺ｧ縺励◆ (using 繝・ぅ繝ｬ繧ｯ繝・ぅ繝悶∪縺溘・繧｢繧ｻ繝ｳ繝悶Μ蜿ら・縺梧欠螳壹＆繧後※縺・ｋ縺薙→繧堤｢ｺ隱阪＠縺ｦ縺上□縺輔＞) [F:\mydata\program\EedeWin\Eede\Eede.Presentation\Eede.Presentation.csproj]
F:\mydata\program\EedeWin\Eede\Eede.Presentation\Views\DataEntry\PictureContainer.axaml.cs(184,55): warning CS8632: '#nullable' 豕ｨ驥医さ繝ｳ繝・く繧ｹ繝亥・縺ｮ繧ｳ繝ｼ繝峨〒縺ｮ縺ｿ縲¨ull 險ｱ螳ｹ蜿ら・蝙九・豕ｨ驥医ｒ菴ｿ逕ｨ縺吶ｋ蠢・ｦ√′縺ゅｊ縺ｾ縺吶・[F:\mydata\program\EedeWin\Eede\Eede.Presentation\Eede.Presentation.csproj]
F:\mydata\program\EedeWin\Eede\Eede.Presentation\ViewModels\Animations\AnimationViewModel.cs(24,22): error CS0246: 蝙九∪縺溘・蜷榊燕遨ｺ髢薙・蜷榊燕 'IImageTransfer' 縺瑚ｦ九▽縺九ｊ縺ｾ縺帙ｓ縺ｧ縺励◆ (using 繝・ぅ繝ｬ繧ｯ繝・ぅ繝悶∪縺溘・繧｢繧ｻ繝ｳ繝悶Μ蜿ら・縺梧欠螳壹＆繧後※縺・ｋ縺薙→繧堤｢ｺ隱阪＠縺ｦ縺上□縺輔＞) [F:\mydata\program\EedeWin\Eede\Eede.Presentation\Eede.Presentation.csproj]
F:\mydata\program\EedeWin\Eede\Eede.Presentation\ViewModels\Animations\AnimationViewModel.cs(31,63): warning CS8632: '#nullable' 豕ｨ驥医さ繝ｳ繝・く繧ｹ繝亥・縺ｮ繧ｳ繝ｼ繝峨〒縺ｮ縺ｿ縲¨ull 險ｱ螳ｹ蜿ら・蝙九・豕ｨ驥医ｒ菴ｿ逕ｨ縺吶ｋ蠢・ｦ√′縺ゅｊ縺ｾ縺吶・[F:\mydata\program\EedeWin\Eede\Eede.Presentation\Eede.Presentation.csproj]
F:\mydata\program\EedeWin\Eede\Eede.Presentation\ViewModels\Animations\AnimationViewModel.cs(31,65): warning CS8632: '#nullable' 豕ｨ驥医さ繝ｳ繝・く繧ｹ繝亥・縺ｮ繧ｳ繝ｼ繝峨〒縺ｮ縺ｿ縲¨ull 險ｱ螳ｹ蜿ら・蝙九・豕ｨ驥医ｒ菴ｿ逕ｨ縺吶ｋ蠢・ｦ√′縺ゅｊ縺ｾ縺吶・[F:\mydata\program\EedeWin\Eede\Eede.Presentation\Eede.Presentation.csproj]

繝薙Ν繝峨↓螟ｱ謨励＠縺ｾ縺励◆縲・

F:\mydata\program\EedeWin\Eede\Eede.Presentation\Common\Converters\PlayPauseTextConverter.cs(9,34): warning CS8632: '#nullable' 豕ｨ驥医さ繝ｳ繝・く繧ｹ繝亥・縺ｮ繧ｳ繝ｼ繝峨〒縺ｮ縺ｿ縲¨ull 險ｱ螳ｹ蜿ら・蝙九・豕ｨ驥医ｒ菴ｿ逕ｨ縺吶ｋ蠢・ｦ√′縺ゅｊ縺ｾ縺吶・[F:\mydata\program\EedeWin\Eede\Eede.Presentation\Eede.Presentation.csproj]
F:\mydata\program\EedeWin\Eede\Eede.Presentation\Common\Converters\PlayPauseTextConverter.cs(9,66): warning CS8632: '#nullable' 豕ｨ驥医さ繝ｳ繝・く繧ｹ繝亥・縺ｮ繧ｳ繝ｼ繝峨〒縺ｮ縺ｿ縲¨ull 險ｱ螳ｹ蜿ら・蝙九・豕ｨ驥医ｒ菴ｿ逕ｨ縺吶ｋ蠢・ｦ√′縺ゅｊ縺ｾ縺吶・[F:\mydata\program\EedeWin\Eede\Eede.Presentation\Eede.Presentation.csproj]
F:\mydata\program\EedeWin\Eede\Eede.Presentation\Common\Converters\PlayPauseTextConverter.cs(9,18): warning CS8632: '#nullable' 豕ｨ驥医さ繝ｳ繝・く繧ｹ繝亥・縺ｮ繧ｳ繝ｼ繝峨〒縺ｮ縺ｿ縲¨ull 險ｱ螳ｹ蜿ら・蝙九・豕ｨ驥医ｒ菴ｿ逕ｨ縺吶ｋ蠢・ｦ√′縺ゅｊ縺ｾ縺吶・[F:\mydata\program\EedeWin\Eede\Eede.Presentation\Eede.Presentation.csproj]
F:\mydata\program\EedeWin\Eede\Eede.Presentation\Common\Converters\PlayPauseTextConverter.cs(18,38): warning CS8632: '#nullable' 豕ｨ驥医さ繝ｳ繝・く繧ｹ繝亥・縺ｮ繧ｳ繝ｼ繝峨〒縺ｮ縺ｿ縲¨ull 險ｱ螳ｹ蜿ら・蝙九・豕ｨ驥医ｒ菴ｿ逕ｨ縺吶ｋ蠢・ｦ√′縺ゅｊ縺ｾ縺吶・[F:\mydata\program\EedeWin\Eede\Eede.Presentation\Eede.Presentation.csproj]
F:\mydata\program\EedeWin\Eede\Eede.Presentation\Common\Converters\PlayPauseTextConverter.cs(18,70): warning CS8632: '#nullable' 豕ｨ驥医さ繝ｳ繝・く繧ｹ繝亥・縺ｮ繧ｳ繝ｼ繝峨〒縺ｮ縺ｿ縲¨ull 險ｱ螳ｹ蜿ら・蝙九・豕ｨ驥医ｒ菴ｿ逕ｨ縺吶ｋ蠢・ｦ√′縺ゅｊ縺ｾ縺吶・[F:\mydata\program\EedeWin\Eede\Eede.Presentation\Eede.Presentation.csproj]
F:\mydata\program\EedeWin\Eede\Eede.Presentation\Common\Converters\PlayPauseTextConverter.cs(18,18): warning CS8632: '#nullable' 豕ｨ驥医さ繝ｳ繝・く繧ｹ繝亥・縺ｮ繧ｳ繝ｼ繝峨〒縺ｮ縺ｿ縲¨ull 險ｱ螳ｹ蜿ら・蝙九・豕ｨ驥医ｒ菴ｿ逕ｨ縺吶ｋ蠢・ｦ√′縺ゅｊ縺ｾ縺吶・[F:\mydata\program\EedeWin\Eede\Eede.Presentation\Eede.Presentation.csproj]
F:\mydata\program\EedeWin\Eede\Eede.Presentation\ViewModels\Animations\AnimationViewModel.cs(26,39): warning CS8632: '#nullable' 豕ｨ驥医さ繝ｳ繝・く繧ｹ繝亥・縺ｮ繧ｳ繝ｼ繝峨〒縺ｮ縺ｿ縲¨ull 險ｱ螳ｹ蜿ら・蝙九・豕ｨ驥医ｒ菴ｿ逕ｨ縺吶ｋ蠢・ｦ√′縺ゅｊ縺ｾ縺吶・[F:\mydata\program\EedeWin\Eede\Eede.Presentation\Eede.Presentation.csproj]
F:\mydata\program\EedeWin\Eede\Eede.Presentation\Views\Navigation\DrawStyleMenu.axaml.cs(48,43): warning CS8632: '#nullable' 豕ｨ驥医さ繝ｳ繝・く繧ｹ繝亥・縺ｮ繧ｳ繝ｼ繝峨〒縺ｮ縺ｿ縲¨ull 險ｱ螳ｹ蜿ら・蝙九・豕ｨ驥医ｒ菴ｿ逕ｨ縺吶ｋ蠢・ｦ√′縺ゅｊ縺ｾ縺吶・[F:\mydata\program\EedeWin\Eede\Eede.Presentation\Eede.Presentation.csproj]
F:\mydata\program\EedeWin\Eede\Eede.Presentation\Views\DataEntry\DrawableCanvas.axaml.cs(27,24): warning CS8632: '#nullable' 豕ｨ驥医さ繝ｳ繝・く繧ｹ繝亥・縺ｮ繧ｳ繝ｼ繝峨〒縺ｮ縺ｿ縲¨ull 險ｱ螳ｹ蜿ら・蝙九・豕ｨ驥医ｒ菴ｿ逕ｨ縺吶ｋ蠢・ｦ√′縺ゅｊ縺ｾ縺吶・[F:\mydata\program\EedeWin\Eede\Eede.Presentation\Eede.Presentation.csproj]
F:\mydata\program\EedeWin\Eede\Eede.Presentation\Views\DataEntry\DrawableCanvas.axaml.cs(35,24): warning CS8632: '#nullable' 豕ｨ驥医さ繝ｳ繝・く繧ｹ繝亥・縺ｮ繧ｳ繝ｼ繝峨〒縺ｮ縺ｿ縲¨ull 險ｱ螳ｹ蜿ら・蝙九・豕ｨ驥医ｒ菴ｿ逕ｨ縺吶ｋ蠢・ｦ√′縺ゅｊ縺ｾ縺吶・[F:\mydata\program\EedeWin\Eede\Eede.Presentation\Eede.Presentation.csproj]
F:\mydata\program\EedeWin\Eede\Eede.Presentation\Views\DataEntry\DrawableCanvas.axaml.cs(43,24): warning CS8632: '#nullable' 豕ｨ驥医さ繝ｳ繝・く繧ｹ繝亥・縺ｮ繧ｳ繝ｼ繝峨〒縺ｮ縺ｿ縲¨ull 險ｱ螳ｹ蜿ら・蝙九・豕ｨ驥医ｒ菴ｿ逕ｨ縺吶ｋ蠢・ｦ√′縺ゅｊ縺ｾ縺吶・[F:\mydata\program\EedeWin\Eede\Eede.Presentation\Eede.Presentation.csproj]
F:\mydata\program\EedeWin\Eede\Eede.Presentation\Views\DataEntry\DrawableCanvas.axaml.cs(51,24): warning CS8632: '#nullable' 豕ｨ驥医さ繝ｳ繝・く繧ｹ繝亥・縺ｮ繧ｳ繝ｼ繝峨〒縺ｮ縺ｿ縲¨ull 險ｱ螳ｹ蜿ら・蝙九・豕ｨ驥医ｒ菴ｿ逕ｨ縺吶ｋ蠢・ｦ√′縺ゅｊ縺ｾ縺吶・[F:\mydata\program\EedeWin\Eede\Eede.Presentation\Eede.Presentation.csproj]
F:\mydata\program\EedeWin\Eede\Eede.Presentation\Views\DataEntry\DrawableCanvas.axaml.cs(59,24): warning CS8632: '#nullable' 豕ｨ驥医さ繝ｳ繝・く繧ｹ繝亥・縺ｮ繧ｳ繝ｼ繝峨〒縺ｮ縺ｿ縲¨ull 險ｱ螳ｹ蜿ら・蝙九・豕ｨ驥医ｒ菴ｿ逕ｨ縺吶ｋ蠢・ｦ√′縺ゅｊ縺ｾ縺吶・[F:\mydata\program\EedeWin\Eede\Eede.Presentation\Eede.Presentation.csproj]
F:\mydata\program\EedeWin\Eede\Eede.Presentation\Views\General\GridView.axaml.cs(16,28): warning CS8632: '#nullable' 豕ｨ驥医さ繝ｳ繝・く繧ｹ繝亥・縺ｮ繧ｳ繝ｼ繝峨〒縺ｮ縺ｿ縲¨ull 險ｱ螳ｹ蜿ら・蝙九・豕ｨ驥医ｒ菴ｿ逕ｨ縺吶ｋ蠢・ｦ√′縺ゅｊ縺ｾ縺吶・[F:\mydata\program\EedeWin\Eede\Eede.Presentation\Eede.Presentation.csproj]
F:\mydata\program\EedeWin\Eede\Eede.Presentation\Views\DataDisplay\PictureFrame.axaml.cs(22,21): warning CS8632: '#nullable' 豕ｨ驥医さ繝ｳ繝・く繧ｹ繝亥・縺ｮ繧ｳ繝ｼ繝峨〒縺ｮ縺ｿ縲¨ull 險ｱ螳ｹ蜿ら・蝙九・豕ｨ驥医ｒ菴ｿ逕ｨ縺吶ｋ蠢・ｦ√′縺ゅｊ縺ｾ縺吶・[F:\mydata\program\EedeWin\Eede\Eede.Presentation\Eede.Presentation.csproj]
F:\mydata\program\EedeWin\Eede\Eede.Presentation\Views\DataEntry\ColorPicker.axaml.cs(140,47): warning CS8632: '#nullable' 豕ｨ驥医さ繝ｳ繝・く繧ｹ繝亥・縺ｮ繧ｳ繝ｼ繝峨〒縺ｮ縺ｿ縲¨ull 險ｱ螳ｹ蜿ら・蝙九・豕ｨ驥医ｒ菴ｿ逕ｨ縺吶ｋ蠢・ｦ√′縺ゅｊ縺ｾ縺吶・[F:\mydata\program\EedeWin\Eede\Eede.Presentation\Eede.Presentation.csproj]
F:\mydata\program\EedeWin\Eede\Eede.Presentation\Views\DataEntry\DrawableCanvas.axaml.cs(73,38): warning CS8632: '#nullable' 豕ｨ驥医さ繝ｳ繝・く繧ｹ繝亥・縺ｮ繧ｳ繝ｼ繝峨〒縺ｮ縺ｿ縲¨ull 險ｱ螳ｹ蜿ら・蝙九・豕ｨ驥医ｒ菴ｿ逕ｨ縺吶ｋ蠢・ｦ√′縺ゅｊ縺ｾ縺吶・[F:\mydata\program\EedeWin\Eede\Eede.Presentation\Eede.Presentation.csproj]
F:\mydata\program\EedeWin\Eede\Eede.Presentation\Views\DataEntry\ColorPicker.axaml.cs(145,44): warning CS8632: '#nullable' 豕ｨ驥医さ繝ｳ繝・く繧ｹ繝亥・縺ｮ繧ｳ繝ｼ繝峨〒縺ｮ縺ｿ縲¨ull 險ｱ螳ｹ蜿ら・蝙九・豕ｨ驥医ｒ菴ｿ逕ｨ縺吶ｋ蠢・ｦ√′縺ゅｊ縺ｾ縺吶・[F:\mydata\program\EedeWin\Eede\Eede.Presentation\Eede.Presentation.csproj]
F:\mydata\program\EedeWin\Eede\Eede.Presentation\Views\DataDisplay\PictureFrame.axaml.cs(35,25): warning CS8632: '#nullable' 豕ｨ驥医さ繝ｳ繝・く繧ｹ繝亥・縺ｮ繧ｳ繝ｼ繝峨〒縺ｮ縺ｿ縲¨ull 險ｱ螳ｹ蜿ら・蝙九・豕ｨ驥医ｒ菴ｿ逕ｨ縺吶ｋ蠢・ｦ√′縺ゅｊ縺ｾ縺吶・[F:\mydata\program\EedeWin\Eede\Eede.Presentation\Eede.Presentation.csproj]
F:\mydata\program\EedeWin\Eede\Eede.Presentation\Views\DataEntry\DrawableCanvas.axaml.cs(81,36): warning CS8632: '#nullable' 豕ｨ驥医さ繝ｳ繝・く繧ｹ繝亥・縺ｮ繧ｳ繝ｼ繝峨〒縺ｮ縺ｿ縲¨ull 險ｱ螳ｹ蜿ら・蝙九・豕ｨ驥医ｒ菴ｿ逕ｨ縺吶ｋ蠢・ｦ√′縺ゅｊ縺ｾ縺吶・[F:\mydata\program\EedeWin\Eede\Eede.Presentation\Eede.Presentation.csproj]
F:\mydata\program\EedeWin\Eede\Eede.Presentation\Views\DataEntry\DrawableCanvas.axaml.cs(91,51): warning CS8632: '#nullable' 豕ｨ驥医さ繝ｳ繝・く繧ｹ繝亥・縺ｮ繧ｳ繝ｼ繝峨〒縺ｮ縺ｿ縲¨ull 險ｱ螳ｹ蜿ら・蝙九・豕ｨ驥医ｒ菴ｿ逕ｨ縺吶ｋ蠢・ｦ√′縺ゅｊ縺ｾ縺吶・[F:\mydata\program\EedeWin\Eede\Eede.Presentation\Eede.Presentation.csproj]
F:\mydata\program\EedeWin\Eede\Eede.Presentation\Views\General\GridView.axaml.cs(13,59): warning CS8632: '#nullable' 豕ｨ驥医さ繝ｳ繝・く繧ｹ繝亥・縺ｮ繧ｳ繝ｼ繝峨〒縺ｮ縺ｿ縲¨ull 險ｱ螳ｹ蜿ら・蝙九・豕ｨ驥医ｒ菴ｿ逕ｨ縺吶ｋ蠢・ｦ√′縺ゅｊ縺ｾ縺吶・[F:\mydata\program\EedeWin\Eede\Eede.Presentation\Eede.Presentation.csproj]
F:\mydata\program\EedeWin\Eede\Eede.Presentation\Views\DataEntry\GradationPicker.axaml.cs(31,23): warning CS8632: '#nullable' 豕ｨ驥医さ繝ｳ繝・く繧ｹ繝亥・縺ｮ繧ｳ繝ｼ繝峨〒縺ｮ縺ｿ縲¨ull 險ｱ螳ｹ蜿ら・蝙九・豕ｨ驥医ｒ菴ｿ逕ｨ縺吶ｋ蠢・ｦ√′縺ゅｊ縺ｾ縺吶・[F:\mydata\program\EedeWin\Eede\Eede.Presentation\Eede.Presentation.csproj]
F:\mydata\program\EedeWin\Eede\Eede.Presentation\Views\DataEntry\DrawableCanvas.axaml.cs(107,50): warning CS8632: '#nullable' 豕ｨ驥医さ繝ｳ繝・く繧ｹ繝亥・縺ｮ繧ｳ繝ｼ繝峨〒縺ｮ縺ｿ縲¨ull 險ｱ螳ｹ蜿ら・蝙九・豕ｨ驥医ｒ菴ｿ逕ｨ縺吶ｋ蠢・ｦ√′縺ゅｊ縺ｾ縺吶・[F:\mydata\program\EedeWin\Eede\Eede.Presentation\Eede.Presentation.csproj]
F:\mydata\program\EedeWin\Eede\Eede.Presentation\Views\DataDisplay\PictureFrame.axaml.cs(15,66): warning CS8632: '#nullable' 豕ｨ驥医さ繝ｳ繝・く繧ｹ繝亥・縺ｮ繧ｳ繝ｼ繝峨〒縺ｮ縺ｿ縲¨ull 險ｱ螳ｹ蜿ら・蝙九・豕ｨ驥医ｒ菴ｿ逕ｨ縺吶ｋ蠢・ｦ√′縺ゅｊ縺ｾ縺吶・[F:\mydata\program\EedeWin\Eede\Eede.Presentation\Eede.Presentation.csproj]
F:\mydata\program\EedeWin\Eede\Eede.Presentation\Views\DataEntry\DrawableCanvas.axaml.cs(118,52): warning CS8632: '#nullable' 豕ｨ驥医さ繝ｳ繝・く繧ｹ繝亥・縺ｮ繧ｳ繝ｼ繝峨〒縺ｮ縺ｿ縲¨ull 險ｱ螳ｹ蜿ら・蝙九・豕ｨ驥医ｒ菴ｿ逕ｨ縺吶ｋ蠢・ｦ√′縺ゅｊ縺ｾ縺吶・[F:\mydata\program\EedeWin\Eede\Eede.Presentation\Eede.Presentation.csproj]
F:\mydata\program\EedeWin\Eede\Eede.Presentation\ViewModels\Animations\AnimationViewModel.cs(32,26): warning CS8632: '#nullable' 豕ｨ驥医さ繝ｳ繝・く繧ｹ繝亥・縺ｮ繧ｳ繝ｼ繝峨〒縺ｮ縺ｿ縲¨ull 險ｱ螳ｹ蜿ら・蝙九・豕ｨ驥医ｒ菴ｿ逕ｨ縺吶ｋ蠢・ｦ√′縺ゅｊ縺ｾ縺吶・[F:\mydata\program\EedeWin\Eede\Eede.Presentation\Eede.Presentation.csproj]
F:\mydata\program\EedeWin\Eede\Eede.Presentation\Views\DataEntry\DrawableCanvas.axaml.cs(128,50): warning CS8632: '#nullable' 豕ｨ驥医さ繝ｳ繝・く繧ｹ繝亥・縺ｮ繧ｳ繝ｼ繝峨〒縺ｮ縺ｿ縲¨ull 險ｱ螳ｹ蜿ら・蝙九・豕ｨ驥医ｒ菴ｿ逕ｨ縺吶ｋ蠢・ｦ√′縺ゅｊ縺ｾ縺吶・[F:\mydata\program\EedeWin\Eede\Eede.Presentation\Eede.Presentation.csproj]
F:\mydata\program\EedeWin\Eede\Eede.Presentation\Views\DataDisplay\PictureFrame.axaml.cs(21,22): warning CS8632: '#nullable' 豕ｨ驥医さ繝ｳ繝・く繧ｹ繝亥・縺ｮ繧ｳ繝ｼ繝峨〒縺ｮ縺ｿ縲¨ull 險ｱ螳ｹ蜿ら・蝙九・豕ｨ驥医ｒ菴ｿ逕ｨ縺吶ｋ蠢・ｦ√′縺ゅｊ縺ｾ縺吶・[F:\mydata\program\EedeWin\Eede\Eede.Presentation\Eede.Presentation.csproj]
F:\mydata\program\EedeWin\Eede\Eede.Presentation\Views\DataEntry\GradationPicker.axaml.cs(59,47): warning CS8632: '#nullable' 豕ｨ驥医さ繝ｳ繝・く繧ｹ繝亥・縺ｮ繧ｳ繝ｼ繝峨〒縺ｮ縺ｿ縲¨ull 險ｱ螳ｹ蜿ら・蝙九・豕ｨ驥医ｒ菴ｿ逕ｨ縺吶ｋ蠢・ｦ√′縺ゅｊ縺ｾ縺吶・[F:\mydata\program\EedeWin\Eede\Eede.Presentation\Eede.Presentation.csproj]
F:\mydata\program\EedeWin\Eede\Eede.Presentation\Views\Navigation\PictureActionMenu.axaml.cs(20,24): warning CS8632: '#nullable' 豕ｨ驥医さ繝ｳ繝・く繧ｹ繝亥・縺ｮ繧ｳ繝ｼ繝峨〒縺ｮ縺ｿ縲¨ull 險ｱ螳ｹ蜿ら・蝙九・豕ｨ驥医ｒ菴ｿ逕ｨ縺吶ｋ蠢・ｦ√′縺ゅｊ縺ｾ縺吶・[F:\mydata\program\EedeWin\Eede\Eede.Presentation\Eede.Presentation.csproj]
F:\mydata\program\EedeWin\Eede\Eede.Presentation\Views\DataEntry\DrawableCanvas.axaml.cs(25,55): warning CS8632: '#nullable' 豕ｨ驥医さ繝ｳ繝・く繧ｹ繝亥・縺ｮ繧ｳ繝ｼ繝峨〒縺ｮ縺ｿ縲¨ull 險ｱ螳ｹ蜿ら・蝙九・豕ｨ驥医ｒ菴ｿ逕ｨ縺吶ｋ蠢・ｦ√′縺ゅｊ縺ｾ縺吶・[F:\mydata\program\EedeWin\Eede\Eede.Presentation\Eede.Presentation.csproj]
F:\mydata\program\EedeWin\Eede\Eede.Presentation\Views\DataDisplay\PictureFrame.axaml.cs(28,70): warning CS8632: '#nullable' 豕ｨ驥医さ繝ｳ繝・く繧ｹ繝亥・縺ｮ繧ｳ繝ｼ繝峨〒縺ｮ縺ｿ縲¨ull 險ｱ螳ｹ蜿ら・蝙九・豕ｨ驥医ｒ菴ｿ逕ｨ縺吶ｋ蠢・ｦ√′縺ゅｊ縺ｾ縺吶・[F:\mydata\program\EedeWin\Eede\Eede.Presentation\Eede.Presentation.csproj]
F:\mydata\program\EedeWin\Eede\Eede.Presentation\Views\DataEntry\DrawableCanvas.axaml.cs(33,55): warning CS8632: '#nullable' 豕ｨ驥医さ繝ｳ繝・く繧ｹ繝亥・縺ｮ繧ｳ繝ｼ繝峨〒縺ｮ縺ｿ縲¨ull 險ｱ螳ｹ蜿ら・蝙九・豕ｨ驥医ｒ菴ｿ逕ｨ縺吶ｋ蠢・ｦ√′縺ゅｊ縺ｾ縺吶・[F:\mydata\program\EedeWin\Eede\Eede.Presentation\Eede.Presentation.csproj]
F:\mydata\program\EedeWin\Eede\Eede.Presentation\Views\DataEntry\DrawableCanvas.axaml.cs(41,55): warning CS8632: '#nullable' 豕ｨ驥医さ繝ｳ繝・く繧ｹ繝亥・縺ｮ繧ｳ繝ｼ繝峨〒縺ｮ縺ｿ縲¨ull 險ｱ螳ｹ蜿ら・蝙九・豕ｨ驥医ｒ菴ｿ逕ｨ縺吶ｋ蠢・ｦ√′縺ゅｊ縺ｾ縺吶・[F:\mydata\program\EedeWin\Eede\Eede.Presentation\Eede.Presentation.csproj]
F:\mydata\program\EedeWin\Eede\Eede.Presentation\Views\DataDisplay\PictureFrame.axaml.cs(34,26): warning CS8632: '#nullable' 豕ｨ驥医さ繝ｳ繝・く繧ｹ繝亥・縺ｮ繧ｳ繝ｼ繝峨〒縺ｮ縺ｿ縲¨ull 險ｱ螳ｹ蜿ら・蝙九・豕ｨ驥医ｒ菴ｿ逕ｨ縺吶ｋ蠢・ｦ√′縺ゅｊ縺ｾ縺吶・[F:\mydata\program\EedeWin\Eede\Eede.Presentation\Eede.Presentation.csproj]
F:\mydata\program\EedeWin\Eede\Eede.Presentation\Views\Navigation\PictureActionMenu.axaml.cs(17,55): warning CS8632: '#nullable' 豕ｨ驥医さ繝ｳ繝・く繧ｹ繝亥・縺ｮ繧ｳ繝ｼ繝峨〒縺ｮ縺ｿ縲¨ull 險ｱ螳ｹ蜿ら・蝙九・豕ｨ驥医ｒ菴ｿ逕ｨ縺吶ｋ蠢・ｦ√′縺ゅｊ縺ｾ縺吶・[F:\mydata\program\EedeWin\Eede\Eede.Presentation\Eede.Presentation.csproj]
F:\mydata\program\EedeWin\Eede\Eede.Presentation\ViewModels\Animations\AnimationViewModel.cs(39,30): warning CS8632: '#nullable' 豕ｨ驥医さ繝ｳ繝・く繧ｹ繝亥・縺ｮ繧ｳ繝ｼ繝峨〒縺ｮ縺ｿ縲¨ull 險ｱ螳ｹ蜿ら・蝙九・豕ｨ驥医ｒ菴ｿ逕ｨ縺吶ｋ蠢・ｦ√′縺ゅｊ縺ｾ縺吶・[F:\mydata\program\EedeWin\Eede\Eede.Presentation\Eede.Presentation.csproj]
F:\mydata\program\EedeWin\Eede\Eede.Presentation\Views\DataEntry\DrawableCanvas.axaml.cs(49,55): warning CS8632: '#nullable' 豕ｨ驥医さ繝ｳ繝・く繧ｹ繝亥・縺ｮ繧ｳ繝ｼ繝峨〒縺ｮ縺ｿ縲¨ull 險ｱ螳ｹ蜿ら・蝙九・豕ｨ驥医ｒ菴ｿ逕ｨ縺吶ｋ蠢・ｦ√′縺ゅｊ縺ｾ縺吶・[F:\mydata\program\EedeWin\Eede\Eede.Presentation\Eede.Presentation.csproj]
F:\mydata\program\EedeWin\Eede\Eede.Presentation\ViewModels\Animations\AnimationViewModel.cs(40,29): warning CS8632: '#nullable' 豕ｨ驥医さ繝ｳ繝・く繧ｹ繝亥・縺ｮ繧ｳ繝ｼ繝峨〒縺ｮ縺ｿ縲¨ull 險ｱ螳ｹ蜿ら・蝙九・豕ｨ驥医ｒ菴ｿ逕ｨ縺吶ｋ蠢・ｦ√′縺ゅｊ縺ｾ縺吶・[F:\mydata\program\EedeWin\Eede\Eede.Presentation\Eede.Presentation.csproj]
F:\mydata\program\EedeWin\Eede\Eede.Presentation\Views\DataEntry\DrawableCanvas.axaml.cs(57,55): warning CS8632: '#nullable' 豕ｨ驥医さ繝ｳ繝・く繧ｹ繝亥・縺ｮ繧ｳ繝ｼ繝峨〒縺ｮ縺ｿ縲¨ull 險ｱ螳ｹ蜿ら・蝙九・豕ｨ驥医ｒ菴ｿ逕ｨ縺吶ｋ蠢・ｦ√′縺ゅｊ縺ｾ縺吶・[F:\mydata\program\EedeWin\Eede\Eede.Presentation\Eede.Presentation.csproj]
F:\mydata\program\EedeWin\Eede\Eede.Presentation\Views\DataEntry\PaletteForm.axaml.cs(31,20): warning CS8632: '#nullable' 豕ｨ驥医さ繝ｳ繝・く繧ｹ繝亥・縺ｮ繧ｳ繝ｼ繝峨〒縺ｮ縺ｿ縲¨ull 險ｱ螳ｹ蜿ら・蝙九・豕ｨ驥医ｒ菴ｿ逕ｨ縺吶ｋ蠢・ｦ√′縺ゅｊ縺ｾ縺吶・[F:\mydata\program\EedeWin\Eede\Eede.Presentation\Eede.Presentation.csproj]
F:\mydata\program\EedeWin\Eede\Eede.Presentation\Views\DataEntry\PaletteForm.axaml.cs(39,20): warning CS8632: '#nullable' 豕ｨ驥医さ繝ｳ繝・く繧ｹ繝亥・縺ｮ繧ｳ繝ｼ繝峨〒縺ｮ縺ｿ縲¨ull 險ｱ螳ｹ蜿ら・蝙九・豕ｨ驥医ｒ菴ｿ逕ｨ縺吶ｋ蠢・ｦ√′縺ゅｊ縺ｾ縺吶・[F:\mydata\program\EedeWin\Eede\Eede.Presentation\Eede.Presentation.csproj]
F:\mydata\program\EedeWin\Eede\Eede.Presentation\Views\DataEntry\PaletteContainer.axaml.cs(21,20): warning CS8632: '#nullable' 豕ｨ驥医さ繝ｳ繝・く繧ｹ繝亥・縺ｮ繧ｳ繝ｼ繝峨〒縺ｮ縺ｿ縲¨ull 險ｱ螳ｹ蜿ら・蝙九・豕ｨ驥医ｒ菴ｿ逕ｨ縺吶ｋ蠢・ｦ√′縺ゅｊ縺ｾ縺吶・[F:\mydata\program\EedeWin\Eede\Eede.Presentation\Eede.Presentation.csproj]
F:\mydata\program\EedeWin\Eede\Eede.Presentation\Views\DataEntry\PaletteForm.axaml.cs(86,47): warning CS8632: '#nullable' 豕ｨ驥医さ繝ｳ繝・く繧ｹ繝亥・縺ｮ繧ｳ繝ｼ繝峨〒縺ｮ縺ｿ縲¨ull 險ｱ螳ｹ蜿ら・蝙九・豕ｨ驥医ｒ菴ｿ逕ｨ縺吶ｋ蠢・ｦ√′縺ゅｊ縺ｾ縺吶・[F:\mydata\program\EedeWin\Eede\Eede.Presentation\Eede.Presentation.csproj]
F:\mydata\program\EedeWin\Eede\Eede.Presentation\Views\DataEntry\PaletteContainer.axaml.cs(29,20): warning CS8632: '#nullable' 豕ｨ驥医さ繝ｳ繝・く繧ｹ繝亥・縺ｮ繧ｳ繝ｼ繝峨〒縺ｮ縺ｿ縲¨ull 險ｱ螳ｹ蜿ら・蝙九・豕ｨ驥医ｒ菴ｿ逕ｨ縺吶ｋ蠢・ｦ√′縺ゅｊ縺ｾ縺吶・[F:\mydata\program\EedeWin\Eede\Eede.Presentation\Eede.Presentation.csproj]
F:\mydata\program\EedeWin\Eede\Eede.Presentation\Views\DataEntry\PictureContainer.axaml.cs(35,37): warning CS8632: '#nullable' 豕ｨ驥医さ繝ｳ繝・く繧ｹ繝亥・縺ｮ繧ｳ繝ｼ繝峨〒縺ｮ縺ｿ縲¨ull 險ｱ螳ｹ蜿ら・蝙九・豕ｨ驥医ｒ菴ｿ逕ｨ縺吶ｋ蠢・ｦ√′縺ゅｊ縺ｾ縺吶・[F:\mydata\program\EedeWin\Eede\Eede.Presentation\Eede.Presentation.csproj]
F:\mydata\program\EedeWin\Eede\Eede.Presentation\Views\DataEntry\PictureContainer.axaml.cs(40,64): warning CS8632: '#nullable' 豕ｨ驥医さ繝ｳ繝・く繧ｹ繝亥・縺ｮ繧ｳ繝ｼ繝峨〒縺ｮ縺ｿ縲¨ull 險ｱ螳ｹ蜿ら・蝙九・豕ｨ驥医ｒ菴ｿ逕ｨ縺吶ｋ蠢・ｦ√′縺ゅｊ縺ｾ縺吶・[F:\mydata\program\EedeWin\Eede\Eede.Presentation\Eede.Presentation.csproj]
F:\mydata\program\EedeWin\Eede\Eede.Presentation\Views\DataEntry\PaletteForm.axaml.cs(29,51): warning CS8632: '#nullable' 豕ｨ驥医さ繝ｳ繝・く繧ｹ繝亥・縺ｮ繧ｳ繝ｼ繝峨〒縺ｮ縺ｿ縲¨ull 險ｱ螳ｹ蜿ら・蝙九・豕ｨ驥医ｒ菴ｿ逕ｨ縺吶ｋ蠢・ｦ√′縺ゅｊ縺ｾ縺吶・[F:\mydata\program\EedeWin\Eede\Eede.Presentation\Eede.Presentation.csproj]
F:\mydata\program\EedeWin\Eede\Eede.Presentation\Views\DataEntry\PaletteForm.axaml.cs(37,51): warning CS8632: '#nullable' 豕ｨ驥医さ繝ｳ繝・く繧ｹ繝亥・縺ｮ繧ｳ繝ｼ繝峨〒縺ｮ縺ｿ縲¨ull 險ｱ螳ｹ蜿ら・蝙九・豕ｨ驥医ｒ菴ｿ逕ｨ縺吶ｋ蠢・ｦ√′縺ゅｊ縺ｾ縺吶・[F:\mydata\program\EedeWin\Eede\Eede.Presentation\Eede.Presentation.csproj]
F:\mydata\program\EedeWin\Eede\Eede.Presentation\Views\DataEntry\PictureContainer.axaml.cs(170,24): warning CS8632: '#nullable' 豕ｨ驥医さ繝ｳ繝・く繧ｹ繝亥・縺ｮ繧ｳ繝ｼ繝峨〒縺ｮ縺ｿ縲¨ull 險ｱ螳ｹ蜿ら・蝙九・豕ｨ驥医ｒ菴ｿ逕ｨ縺吶ｋ蠢・ｦ√′縺ゅｊ縺ｾ縺吶・[F:\mydata\program\EedeWin\Eede\Eede.Presentation\Eede.Presentation.csproj]
F:\mydata\program\EedeWin\Eede\Eede.Presentation\Views\DataEntry\PaletteContainer.axaml.cs(19,51): warning CS8632: '#nullable' 豕ｨ驥医さ繝ｳ繝・く繧ｹ繝亥・縺ｮ繧ｳ繝ｼ繝峨〒縺ｮ縺ｿ縲¨ull 險ｱ螳ｹ蜿ら・蝙九・豕ｨ驥医ｒ菴ｿ逕ｨ縺吶ｋ蠢・ｦ√′縺ゅｊ縺ｾ縺吶・[F:\mydata\program\EedeWin\Eede\Eede.Presentation\Eede.Presentation.csproj]
F:\mydata\program\EedeWin\Eede\Eede.Presentation\Views\DataEntry\PictureContainer.axaml.cs(178,24): warning CS8632: '#nullable' 豕ｨ驥医さ繝ｳ繝・く繧ｹ繝亥・縺ｮ繧ｳ繝ｼ繝峨〒縺ｮ縺ｿ縲¨ull 險ｱ螳ｹ蜿ら・蝙九・豕ｨ驥医ｒ菴ｿ逕ｨ縺吶ｋ蠢・ｦ√′縺ゅｊ縺ｾ縺吶・[F:\mydata\program\EedeWin\Eede\Eede.Presentation\Eede.Presentation.csproj]
F:\mydata\program\EedeWin\Eede\Eede.Presentation\Views\DataEntry\PictureContainer.axaml.cs(186,24): warning CS8632: '#nullable' 豕ｨ驥医さ繝ｳ繝・く繧ｹ繝亥・縺ｮ繧ｳ繝ｼ繝峨〒縺ｮ縺ｿ縲¨ull 險ｱ螳ｹ蜿ら・蝙九・豕ｨ驥医ｒ菴ｿ逕ｨ縺吶ｋ蠢・ｦ√′縺ゅｊ縺ｾ縺吶・[F:\mydata\program\EedeWin\Eede\Eede.Presentation\Eede.Presentation.csproj]
F:\mydata\program\EedeWin\Eede\Eede.Presentation\Views\DataEntry\PaletteContainer.axaml.cs(27,51): warning CS8632: '#nullable' 豕ｨ驥医さ繝ｳ繝・く繧ｹ繝亥・縺ｮ繧ｳ繝ｼ繝峨〒縺ｮ縺ｿ縲¨ull 險ｱ螳ｹ蜿ら・蝙九・豕ｨ驥医ｒ菴ｿ逕ｨ縺吶ｋ蠢・ｦ√′縺ゅｊ縺ｾ縺吶・[F:\mydata\program\EedeWin\Eede\Eede.Presentation\Eede.Presentation.csproj]
F:\mydata\program\EedeWin\Eede\Eede.Presentation\Views\DataEntry\PictureContainer.axaml.cs(205,45): warning CS8632: '#nullable' 豕ｨ驥医さ繝ｳ繝・く繧ｹ繝亥・縺ｮ繧ｳ繝ｼ繝峨〒縺ｮ縺ｿ縲¨ull 險ｱ螳ｹ蜿ら・蝙九・豕ｨ驥医ｒ菴ｿ逕ｨ縺吶ｋ蠢・ｦ√′縺ゅｊ縺ｾ縺吶・[F:\mydata\program\EedeWin\Eede\Eede.Presentation\Eede.Presentation.csproj]
F:\mydata\program\EedeWin\Eede\Eede.Presentation\Views\DataEntry\PictureContainer.axaml.cs(271,43): warning CS8632: '#nullable' 豕ｨ驥医さ繝ｳ繝・く繧ｹ繝亥・縺ｮ繧ｳ繝ｼ繝峨〒縺ｮ縺ｿ縲¨ull 險ｱ螳ｹ蜿ら・蝙九・豕ｨ驥医ｒ菴ｿ逕ｨ縺吶ｋ蠢・ｦ√′縺ゅｊ縺ｾ縺吶・[F:\mydata\program\EedeWin\Eede\Eede.Presentation\Eede.Presentation.csproj]
F:\mydata\program\EedeWin\Eede\Eede.Presentation\Views\DataEntry\PictureContainer.axaml.cs(289,46): warning CS8632: '#nullable' 豕ｨ驥医さ繝ｳ繝・く繧ｹ繝亥・縺ｮ繧ｳ繝ｼ繝峨〒縺ｮ縺ｿ縲¨ull 險ｱ螳ｹ蜿ら・蝙九・豕ｨ驥医ｒ菴ｿ逕ｨ縺吶ｋ蠢・ｦ√′縺ゅｊ縺ｾ縺吶・[F:\mydata\program\EedeWin\Eede\Eede.Presentation\Eede.Presentation.csproj]
F:\mydata\program\EedeWin\Eede\Eede.Presentation\Views\DataEntry\PictureContainer.axaml.cs(326,44): warning CS8632: '#nullable' 豕ｨ驥医さ繝ｳ繝・く繧ｹ繝亥・縺ｮ繧ｳ繝ｼ繝峨〒縺ｮ縺ｿ縲¨ull 險ｱ螳ｹ蜿ら・蝙九・豕ｨ驥医ｒ菴ｿ逕ｨ縺吶ｋ蠢・ｦ√′縺ゅｊ縺ｾ縺吶・[F:\mydata\program\EedeWin\Eede\Eede.Presentation\Eede.Presentation.csproj]
F:\mydata\program\EedeWin\Eede\Eede.Presentation\Views\DataEntry\PictureContainer.axaml.cs(22,37): warning CS8632: '#nullable' 豕ｨ驥医さ繝ｳ繝・く繧ｹ繝亥・縺ｮ繧ｳ繝ｼ繝峨〒縺ｮ縺ｿ縲¨ull 險ｱ螳ｹ蜿ら・蝙九・豕ｨ驥医ｒ菴ｿ逕ｨ縺吶ｋ蠢・ｦ√′縺ゅｊ縺ｾ縺吶・[F:\mydata\program\EedeWin\Eede\Eede.Presentation\Eede.Presentation.csproj]
F:\mydata\program\EedeWin\Eede\Eede.Presentation\Views\DataEntry\PictureContainer.axaml.cs(168,55): warning CS8632: '#nullable' 豕ｨ驥医さ繝ｳ繝・く繧ｹ繝亥・縺ｮ繧ｳ繝ｼ繝峨〒縺ｮ縺ｿ縲¨ull 險ｱ螳ｹ蜿ら・蝙九・豕ｨ驥医ｒ菴ｿ逕ｨ縺吶ｋ蠢・ｦ√′縺ゅｊ縺ｾ縺吶・[F:\mydata\program\EedeWin\Eede\Eede.Presentation\Eede.Presentation.csproj]
F:\mydata\program\EedeWin\Eede\Eede.Presentation\Views\DataEntry\PictureContainer.axaml.cs(176,55): warning CS8632: '#nullable' 豕ｨ驥医さ繝ｳ繝・く繧ｹ繝亥・縺ｮ繧ｳ繝ｼ繝峨〒縺ｮ縺ｿ縲¨ull 險ｱ螳ｹ蜿ら・蝙九・豕ｨ驥医ｒ菴ｿ逕ｨ縺吶ｋ蠢・ｦ√′縺ゅｊ縺ｾ縺吶・[F:\mydata\program\EedeWin\Eede\Eede.Presentation\Eede.Presentation.csproj]
F:\mydata\program\EedeWin\Eede\Eede.Presentation\Views\DataEntry\PictureContainer.axaml.cs(184,55): warning CS8632: '#nullable' 豕ｨ驥医さ繝ｳ繝・く繧ｹ繝亥・縺ｮ繧ｳ繝ｼ繝峨〒縺ｮ縺ｿ縲¨ull 險ｱ螳ｹ蜿ら・蝙九・豕ｨ驥医ｒ菴ｿ逕ｨ縺吶ｋ蠢・ｦ√′縺ゅｊ縺ｾ縺吶・[F:\mydata\program\EedeWin\Eede\Eede.Presentation\Eede.Presentation.csproj]
F:\mydata\program\EedeWin\Eede\Eede.Presentation\ViewModels\Animations\AnimationViewModel.cs(31,63): warning CS8632: '#nullable' 豕ｨ驥医さ繝ｳ繝・く繧ｹ繝亥・縺ｮ繧ｳ繝ｼ繝峨〒縺ｮ縺ｿ縲¨ull 險ｱ螳ｹ蜿ら・蝙九・豕ｨ驥医ｒ菴ｿ逕ｨ縺吶ｋ蠢・ｦ√′縺ゅｊ縺ｾ縺吶・[F:\mydata\program\EedeWin\Eede\Eede.Presentation\Eede.Presentation.csproj]
F:\mydata\program\EedeWin\Eede\Eede.Presentation\ViewModels\Animations\AnimationViewModel.cs(31,65): warning CS8632: '#nullable' 豕ｨ驥医さ繝ｳ繝・く繧ｹ繝亥・縺ｮ繧ｳ繝ｼ繝峨〒縺ｮ縺ｿ縲¨ull 險ｱ螳ｹ蜿ら・蝙九・豕ｨ驥医ｒ菴ｿ逕ｨ縺吶ｋ蠢・ｦ√′縺ゅｊ縺ｾ縺吶・[F:\mydata\program\EedeWin\Eede\Eede.Presentation\Eede.Presentation.csproj]
F:\mydata\program\EedeWin\Eede\Eede.Presentation\ViewModels\Animations\AnimationViewModel.cs(47,28): error CS0246: 蝙九∪縺溘・蜷榊燕遨ｺ髢薙・蜷榊燕 'StorageService' 縺瑚ｦ九▽縺九ｊ縺ｾ縺帙ｓ縺ｧ縺励◆ (using 繝・ぅ繝ｬ繧ｯ繝・ぅ繝悶∪縺溘・繧｢繧ｻ繝ｳ繝悶Μ蜿ら・縺梧欠螳壹＆繧後※縺・ｋ縺薙→繧堤｢ｺ隱阪＠縺ｦ縺上□縺輔＞) [F:\mydata\program\EedeWin\Eede\Eede.Presentation\Eede.Presentation.csproj]
F:\mydata\program\EedeWin\Eede\Eede.Presentation\ViewModels\Animations\AnimationViewModel.cs(48,28): error CS0246: 蝙九∪縺溘・蜷榊燕遨ｺ髢薙・蜷榊燕 'StorageService' 縺瑚ｦ九▽縺九ｊ縺ｾ縺帙ｓ縺ｧ縺励◆ (using 繝・ぅ繝ｬ繧ｯ繝・ぅ繝悶∪縺溘・繧｢繧ｻ繝ｳ繝悶Μ蜿ら・縺梧欠螳壹＆繧後※縺・ｋ縺薙→繧堤｢ｺ隱阪＠縺ｦ縺上□縺輔＞) [F:\mydata\program\EedeWin\Eede\Eede.Presentation\Eede.Presentation.csproj]
F:\mydata\program\EedeWin\Eede\Eede.Presentation\ViewModels\Animations\AnimationViewModel.cs(24,22): error CS0246: 蝙九∪縺溘・蜷榊燕遨ｺ髢薙・蜷榊燕 'IImageTransfer' 縺瑚ｦ九▽縺九ｊ縺ｾ縺帙ｓ縺ｧ縺励◆ (using 繝・ぅ繝ｬ繧ｯ繝・ぅ繝悶∪縺溘・繧｢繧ｻ繝ｳ繝悶Μ蜿ら・縺梧欠螳壹＆繧後※縺・ｋ縺薙→繧堤｢ｺ隱阪＠縺ｦ縺上□縺輔＞) [F:\mydata\program\EedeWin\Eede\Eede.Presentation\Eede.Presentation.csproj]
    65 蛟九・隴ｦ蜻・
    3 繧ｨ繝ｩ繝ｼ

邨碁℃譎る俣 00:00:01.74
