  蠕ｩ蜈・ｯｾ雎｡縺ｮ繝励Ο繧ｸ繧ｧ繧ｯ繝医ｒ豎ｺ螳壹＠縺ｦ縺・∪縺・..
  蠕ｩ蜈・ｯｾ雎｡縺ｮ縺吶∋縺ｦ縺ｮ繝励Ο繧ｸ繧ｧ繧ｯ繝医・譛譁ｰ縺ｧ縺吶・
  Eede.Domain -> F:\mydata\program\EedeWin\Eede\Eede.Domain\bin\Debug\net8.0\Eede.Domain.dll
  Eede.Application -> F:\mydata\program\EedeWin\Eede\Eede.Application\bin\Debug\net8.0-windows\Eede.Application.dll
  Eede.Infrastructure -> F:\mydata\program\EedeWin\Eede\Eede.Infrastructure\bin\Debug\net8.0-windows\Eede.Infrastructure.dll
F:\mydata\program\EedeWin\Eede\Eede.Presentation\Views\DataDisplay\PictureFrame.axaml.cs(22,21): warning CS8632: '#nullable' 豕ｨ驥医さ繝ｳ繝・く繧ｹ繝亥・縺ｮ繧ｳ繝ｼ繝峨〒縺ｮ縺ｿ縲¨ull 險ｱ螳ｹ蜿ら・蝙九・豕ｨ驥医ｒ菴ｿ逕ｨ縺吶ｋ蠢・ｦ√′縺ゅｊ縺ｾ縺吶・[F:\mydata\program\EedeWin\Eede\Eede.Presentation\Eede.Presentation.csproj]
F:\mydata\program\EedeWin\Eede\Eede.Presentation\Views\DataEntry\DrawableCanvas.axaml.cs(27,24): warning CS8632: '#nullable' 豕ｨ驥医さ繝ｳ繝・く繧ｹ繝亥・縺ｮ繧ｳ繝ｼ繝峨〒縺ｮ縺ｿ縲¨ull 險ｱ螳ｹ蜿ら・蝙九・豕ｨ驥医ｒ菴ｿ逕ｨ縺吶ｋ蠢・ｦ√′縺ゅｊ縺ｾ縺吶・[F:\mydata\program\EedeWin\Eede\Eede.Presentation\Eede.Presentation.csproj]
F:\mydata\program\EedeWin\Eede\Eede.Presentation\Views\DataEntry\ColorPicker.axaml.cs(140,47): warning CS8632: '#nullable' 豕ｨ驥医さ繝ｳ繝・く繧ｹ繝亥・縺ｮ繧ｳ繝ｼ繝峨〒縺ｮ縺ｿ縲¨ull 險ｱ螳ｹ蜿ら・蝙九・豕ｨ驥医ｒ菴ｿ逕ｨ縺吶ｋ蠢・ｦ√′縺ゅｊ縺ｾ縺吶・[F:\mydata\program\EedeWin\Eede\Eede.Presentation\Eede.Presentation.csproj]
F:\mydata\program\EedeWin\Eede\Eede.Presentation\Views\DataEntry\DrawableCanvas.axaml.cs(35,24): warning CS8632: '#nullable' 豕ｨ驥医さ繝ｳ繝・く繧ｹ繝亥・縺ｮ繧ｳ繝ｼ繝峨〒縺ｮ縺ｿ縲¨ull 險ｱ螳ｹ蜿ら・蝙九・豕ｨ驥医ｒ菴ｿ逕ｨ縺吶ｋ蠢・ｦ√′縺ゅｊ縺ｾ縺吶・[F:\mydata\program\EedeWin\Eede\Eede.Presentation\Eede.Presentation.csproj]
F:\mydata\program\EedeWin\Eede\Eede.Presentation\Views\DataDisplay\PictureFrame.axaml.cs(35,25): warning CS8632: '#nullable' 豕ｨ驥医さ繝ｳ繝・く繧ｹ繝亥・縺ｮ繧ｳ繝ｼ繝峨〒縺ｮ縺ｿ縲¨ull 險ｱ螳ｹ蜿ら・蝙九・豕ｨ驥医ｒ菴ｿ逕ｨ縺吶ｋ蠢・ｦ√′縺ゅｊ縺ｾ縺吶・[F:\mydata\program\EedeWin\Eede\Eede.Presentation\Eede.Presentation.csproj]
F:\mydata\program\EedeWin\Eede\Eede.Presentation\Views\DataEntry\DrawableCanvas.axaml.cs(43,24): warning CS8632: '#nullable' 豕ｨ驥医さ繝ｳ繝・く繧ｹ繝亥・縺ｮ繧ｳ繝ｼ繝峨〒縺ｮ縺ｿ縲¨ull 險ｱ螳ｹ蜿ら・蝙九・豕ｨ驥医ｒ菴ｿ逕ｨ縺吶ｋ蠢・ｦ√′縺ゅｊ縺ｾ縺吶・[F:\mydata\program\EedeWin\Eede\Eede.Presentation\Eede.Presentation.csproj]
F:\mydata\program\EedeWin\Eede\Eede.Presentation\Views\DataEntry\ColorPicker.axaml.cs(145,44): warning CS8632: '#nullable' 豕ｨ驥医さ繝ｳ繝・く繧ｹ繝亥・縺ｮ繧ｳ繝ｼ繝峨〒縺ｮ縺ｿ縲¨ull 險ｱ螳ｹ蜿ら・蝙九・豕ｨ驥医ｒ菴ｿ逕ｨ縺吶ｋ蠢・ｦ√′縺ゅｊ縺ｾ縺吶・[F:\mydata\program\EedeWin\Eede\Eede.Presentation\Eede.Presentation.csproj]
F:\mydata\program\EedeWin\Eede\Eede.Presentation\Views\DataEntry\DrawableCanvas.axaml.cs(51,24): warning CS8632: '#nullable' 豕ｨ驥医さ繝ｳ繝・く繧ｹ繝亥・縺ｮ繧ｳ繝ｼ繝峨〒縺ｮ縺ｿ縲¨ull 險ｱ螳ｹ蜿ら・蝙九・豕ｨ驥医ｒ菴ｿ逕ｨ縺吶ｋ蠢・ｦ√′縺ゅｊ縺ｾ縺吶・[F:\mydata\program\EedeWin\Eede\Eede.Presentation\Eede.Presentation.csproj]
F:\mydata\program\EedeWin\Eede\Eede.Presentation\Views\DataEntry\DrawableCanvas.axaml.cs(59,24): warning CS8632: '#nullable' 豕ｨ驥医さ繝ｳ繝・く繧ｹ繝亥・縺ｮ繧ｳ繝ｼ繝峨〒縺ｮ縺ｿ縲¨ull 險ｱ螳ｹ蜿ら・蝙九・豕ｨ驥医ｒ菴ｿ逕ｨ縺吶ｋ蠢・ｦ√′縺ゅｊ縺ｾ縺吶・[F:\mydata\program\EedeWin\Eede\Eede.Presentation\Eede.Presentation.csproj]
F:\mydata\program\EedeWin\Eede\Eede.Presentation\Views\DataEntry\DrawableCanvas.axaml.cs(73,38): warning CS8632: '#nullable' 豕ｨ驥医さ繝ｳ繝・く繧ｹ繝亥・縺ｮ繧ｳ繝ｼ繝峨〒縺ｮ縺ｿ縲¨ull 險ｱ螳ｹ蜿ら・蝙九・豕ｨ驥医ｒ菴ｿ逕ｨ縺吶ｋ蠢・ｦ√′縺ゅｊ縺ｾ縺吶・[F:\mydata\program\EedeWin\Eede\Eede.Presentation\Eede.Presentation.csproj]
F:\mydata\program\EedeWin\Eede\Eede.Presentation\Views\DataEntry\DrawableCanvas.axaml.cs(81,36): warning CS8632: '#nullable' 豕ｨ驥医さ繝ｳ繝・く繧ｹ繝亥・縺ｮ繧ｳ繝ｼ繝峨〒縺ｮ縺ｿ縲¨ull 險ｱ螳ｹ蜿ら・蝙九・豕ｨ驥医ｒ菴ｿ逕ｨ縺吶ｋ蠢・ｦ√′縺ゅｊ縺ｾ縺吶・[F:\mydata\program\EedeWin\Eede\Eede.Presentation\Eede.Presentation.csproj]
F:\mydata\program\EedeWin\Eede\Eede.Presentation\Views\DataDisplay\PictureFrame.axaml.cs(15,66): warning CS8632: '#nullable' 豕ｨ驥医さ繝ｳ繝・く繧ｹ繝亥・縺ｮ繧ｳ繝ｼ繝峨〒縺ｮ縺ｿ縲¨ull 險ｱ螳ｹ蜿ら・蝙九・豕ｨ驥医ｒ菴ｿ逕ｨ縺吶ｋ蠢・ｦ√′縺ゅｊ縺ｾ縺吶・[F:\mydata\program\EedeWin\Eede\Eede.Presentation\Eede.Presentation.csproj]
F:\mydata\program\EedeWin\Eede\Eede.Presentation\Views\DataEntry\DrawableCanvas.axaml.cs(91,51): warning CS8632: '#nullable' 豕ｨ驥医さ繝ｳ繝・く繧ｹ繝亥・縺ｮ繧ｳ繝ｼ繝峨〒縺ｮ縺ｿ縲¨ull 險ｱ螳ｹ蜿ら・蝙九・豕ｨ驥医ｒ菴ｿ逕ｨ縺吶ｋ蠢・ｦ√′縺ゅｊ縺ｾ縺吶・[F:\mydata\program\EedeWin\Eede\Eede.Presentation\Eede.Presentation.csproj]
F:\mydata\program\EedeWin\Eede\Eede.Presentation\Views\DataEntry\DrawableCanvas.axaml.cs(107,50): warning CS8632: '#nullable' 豕ｨ驥医さ繝ｳ繝・く繧ｹ繝亥・縺ｮ繧ｳ繝ｼ繝峨〒縺ｮ縺ｿ縲¨ull 險ｱ螳ｹ蜿ら・蝙九・豕ｨ驥医ｒ菴ｿ逕ｨ縺吶ｋ蠢・ｦ√′縺ゅｊ縺ｾ縺吶・[F:\mydata\program\EedeWin\Eede\Eede.Presentation\Eede.Presentation.csproj]
F:\mydata\program\EedeWin\Eede\Eede.Presentation\Views\DataDisplay\PictureFrame.axaml.cs(21,22): warning CS8632: '#nullable' 豕ｨ驥医さ繝ｳ繝・く繧ｹ繝亥・縺ｮ繧ｳ繝ｼ繝峨〒縺ｮ縺ｿ縲¨ull 險ｱ螳ｹ蜿ら・蝙九・豕ｨ驥医ｒ菴ｿ逕ｨ縺吶ｋ蠢・ｦ√′縺ゅｊ縺ｾ縺吶・[F:\mydata\program\EedeWin\Eede\Eede.Presentation\Eede.Presentation.csproj]
F:\mydata\program\EedeWin\Eede\Eede.Presentation\Views\DataEntry\DrawableCanvas.axaml.cs(118,52): warning CS8632: '#nullable' 豕ｨ驥医さ繝ｳ繝・く繧ｹ繝亥・縺ｮ繧ｳ繝ｼ繝峨〒縺ｮ縺ｿ縲¨ull 險ｱ螳ｹ蜿ら・蝙九・豕ｨ驥医ｒ菴ｿ逕ｨ縺吶ｋ蠢・ｦ√′縺ゅｊ縺ｾ縺吶・[F:\mydata\program\EedeWin\Eede\Eede.Presentation\Eede.Presentation.csproj]
F:\mydata\program\EedeWin\Eede\Eede.Presentation\Views\DataEntry\DrawableCanvas.axaml.cs(128,50): warning CS8632: '#nullable' 豕ｨ驥医さ繝ｳ繝・く繧ｹ繝亥・縺ｮ繧ｳ繝ｼ繝峨〒縺ｮ縺ｿ縲¨ull 險ｱ螳ｹ蜿ら・蝙九・豕ｨ驥医ｒ菴ｿ逕ｨ縺吶ｋ蠢・ｦ√′縺ゅｊ縺ｾ縺吶・[F:\mydata\program\EedeWin\Eede\Eede.Presentation\Eede.Presentation.csproj]
F:\mydata\program\EedeWin\Eede\Eede.Presentation\Views\DataDisplay\PictureFrame.axaml.cs(28,70): warning CS8632: '#nullable' 豕ｨ驥医さ繝ｳ繝・く繧ｹ繝亥・縺ｮ繧ｳ繝ｼ繝峨〒縺ｮ縺ｿ縲¨ull 險ｱ螳ｹ蜿ら・蝙九・豕ｨ驥医ｒ菴ｿ逕ｨ縺吶ｋ蠢・ｦ√′縺ゅｊ縺ｾ縺吶・[F:\mydata\program\EedeWin\Eede\Eede.Presentation\Eede.Presentation.csproj]
F:\mydata\program\EedeWin\Eede\Eede.Presentation\Views\DataDisplay\PictureFrame.axaml.cs(34,26): warning CS8632: '#nullable' 豕ｨ驥医さ繝ｳ繝・く繧ｹ繝亥・縺ｮ繧ｳ繝ｼ繝峨〒縺ｮ縺ｿ縲¨ull 險ｱ螳ｹ蜿ら・蝙九・豕ｨ驥医ｒ菴ｿ逕ｨ縺吶ｋ蠢・ｦ√′縺ゅｊ縺ｾ縺吶・[F:\mydata\program\EedeWin\Eede\Eede.Presentation\Eede.Presentation.csproj]
F:\mydata\program\EedeWin\Eede\Eede.Presentation\Views\DataEntry\DrawableCanvas.axaml.cs(25,55): warning CS8632: '#nullable' 豕ｨ驥医さ繝ｳ繝・く繧ｹ繝亥・縺ｮ繧ｳ繝ｼ繝峨〒縺ｮ縺ｿ縲¨ull 險ｱ螳ｹ蜿ら・蝙九・豕ｨ驥医ｒ菴ｿ逕ｨ縺吶ｋ蠢・ｦ√′縺ゅｊ縺ｾ縺吶・[F:\mydata\program\EedeWin\Eede\Eede.Presentation\Eede.Presentation.csproj]
F:\mydata\program\EedeWin\Eede\Eede.Presentation\Views\General\GridView.axaml.cs(16,28): warning CS8632: '#nullable' 豕ｨ驥医さ繝ｳ繝・く繧ｹ繝亥・縺ｮ繧ｳ繝ｼ繝峨〒縺ｮ縺ｿ縲¨ull 險ｱ螳ｹ蜿ら・蝙九・豕ｨ驥医ｒ菴ｿ逕ｨ縺吶ｋ蠢・ｦ√′縺ゅｊ縺ｾ縺吶・[F:\mydata\program\EedeWin\Eede\Eede.Presentation\Eede.Presentation.csproj]
F:\mydata\program\EedeWin\Eede\Eede.Presentation\Views\Navigation\DrawStyleMenu.axaml.cs(48,43): warning CS8632: '#nullable' 豕ｨ驥医さ繝ｳ繝・く繧ｹ繝亥・縺ｮ繧ｳ繝ｼ繝峨〒縺ｮ縺ｿ縲¨ull 險ｱ螳ｹ蜿ら・蝙九・豕ｨ驥医ｒ菴ｿ逕ｨ縺吶ｋ蠢・ｦ√′縺ゅｊ縺ｾ縺吶・[F:\mydata\program\EedeWin\Eede\Eede.Presentation\Eede.Presentation.csproj]
F:\mydata\program\EedeWin\Eede\Eede.Presentation\Views\DataEntry\DrawableCanvas.axaml.cs(33,55): warning CS8632: '#nullable' 豕ｨ驥医さ繝ｳ繝・く繧ｹ繝亥・縺ｮ繧ｳ繝ｼ繝峨〒縺ｮ縺ｿ縲¨ull 險ｱ螳ｹ蜿ら・蝙九・豕ｨ驥医ｒ菴ｿ逕ｨ縺吶ｋ蠢・ｦ√′縺ゅｊ縺ｾ縺吶・[F:\mydata\program\EedeWin\Eede\Eede.Presentation\Eede.Presentation.csproj]
F:\mydata\program\EedeWin\Eede\Eede.Presentation\ViewModels\Animations\AnimationViewModel.cs(16,39): warning CS8632: '#nullable' 豕ｨ驥医さ繝ｳ繝・く繧ｹ繝亥・縺ｮ繧ｳ繝ｼ繝峨〒縺ｮ縺ｿ縲¨ull 險ｱ螳ｹ蜿ら・蝙九・豕ｨ驥医ｒ菴ｿ逕ｨ縺吶ｋ蠢・ｦ√′縺ゅｊ縺ｾ縺吶・[F:\mydata\program\EedeWin\Eede\Eede.Presentation\Eede.Presentation.csproj]
F:\mydata\program\EedeWin\Eede\Eede.Presentation\Views\DataEntry\DrawableCanvas.axaml.cs(41,55): warning CS8632: '#nullable' 豕ｨ驥医さ繝ｳ繝・く繧ｹ繝亥・縺ｮ繧ｳ繝ｼ繝峨〒縺ｮ縺ｿ縲¨ull 險ｱ螳ｹ蜿ら・蝙九・豕ｨ驥医ｒ菴ｿ逕ｨ縺吶ｋ蠢・ｦ√′縺ゅｊ縺ｾ縺吶・[F:\mydata\program\EedeWin\Eede\Eede.Presentation\Eede.Presentation.csproj]
F:\mydata\program\EedeWin\Eede\Eede.Presentation\Views\DataEntry\DrawableCanvas.axaml.cs(49,55): warning CS8632: '#nullable' 豕ｨ驥医さ繝ｳ繝・く繧ｹ繝亥・縺ｮ繧ｳ繝ｼ繝峨〒縺ｮ縺ｿ縲¨ull 險ｱ螳ｹ蜿ら・蝙九・豕ｨ驥医ｒ菴ｿ逕ｨ縺吶ｋ蠢・ｦ√′縺ゅｊ縺ｾ縺吶・[F:\mydata\program\EedeWin\Eede\Eede.Presentation\Eede.Presentation.csproj]
F:\mydata\program\EedeWin\Eede\Eede.Presentation\Views\DataEntry\DrawableCanvas.axaml.cs(57,55): warning CS8632: '#nullable' 豕ｨ驥医さ繝ｳ繝・く繧ｹ繝亥・縺ｮ繧ｳ繝ｼ繝峨〒縺ｮ縺ｿ縲¨ull 險ｱ螳ｹ蜿ら・蝙九・豕ｨ驥医ｒ菴ｿ逕ｨ縺吶ｋ蠢・ｦ√′縺ゅｊ縺ｾ縺吶・[F:\mydata\program\EedeWin\Eede\Eede.Presentation\Eede.Presentation.csproj]
F:\mydata\program\EedeWin\Eede\Eede.Presentation\Views\DataEntry\GradationPicker.axaml.cs(31,23): warning CS8632: '#nullable' 豕ｨ驥医さ繝ｳ繝・く繧ｹ繝亥・縺ｮ繧ｳ繝ｼ繝峨〒縺ｮ縺ｿ縲¨ull 險ｱ螳ｹ蜿ら・蝙九・豕ｨ驥医ｒ菴ｿ逕ｨ縺吶ｋ蠢・ｦ√′縺ゅｊ縺ｾ縺吶・[F:\mydata\program\EedeWin\Eede\Eede.Presentation\Eede.Presentation.csproj]
F:\mydata\program\EedeWin\Eede\Eede.Presentation\Views\DataEntry\GradationPicker.axaml.cs(59,47): warning CS8632: '#nullable' 豕ｨ驥医さ繝ｳ繝・く繧ｹ繝亥・縺ｮ繧ｳ繝ｼ繝峨〒縺ｮ縺ｿ縲¨ull 險ｱ螳ｹ蜿ら・蝙九・豕ｨ驥医ｒ菴ｿ逕ｨ縺吶ｋ蠢・ｦ√′縺ゅｊ縺ｾ縺吶・[F:\mydata\program\EedeWin\Eede\Eede.Presentation\Eede.Presentation.csproj]
F:\mydata\program\EedeWin\Eede\Eede.Presentation\ViewModels\Animations\AnimationViewModel.cs(22,26): warning CS8632: '#nullable' 豕ｨ驥医さ繝ｳ繝・く繧ｹ繝亥・縺ｮ繧ｳ繝ｼ繝峨〒縺ｮ縺ｿ縲¨ull 險ｱ螳ｹ蜿ら・蝙九・豕ｨ驥医ｒ菴ｿ逕ｨ縺吶ｋ蠢・ｦ√′縺ゅｊ縺ｾ縺吶・[F:\mydata\program\EedeWin\Eede\Eede.Presentation\Eede.Presentation.csproj]
F:\mydata\program\EedeWin\Eede\Eede.Presentation\Views\General\GridView.axaml.cs(13,59): warning CS8632: '#nullable' 豕ｨ驥医さ繝ｳ繝・く繧ｹ繝亥・縺ｮ繧ｳ繝ｼ繝峨〒縺ｮ縺ｿ縲¨ull 險ｱ螳ｹ蜿ら・蝙九・豕ｨ驥医ｒ菴ｿ逕ｨ縺吶ｋ蠢・ｦ√′縺ゅｊ縺ｾ縺吶・[F:\mydata\program\EedeWin\Eede\Eede.Presentation\Eede.Presentation.csproj]
F:\mydata\program\EedeWin\Eede\Eede.Presentation\Views\Navigation\PictureActionMenu.axaml.cs(20,24): warning CS8632: '#nullable' 豕ｨ驥医さ繝ｳ繝・く繧ｹ繝亥・縺ｮ繧ｳ繝ｼ繝峨〒縺ｮ縺ｿ縲¨ull 險ｱ螳ｹ蜿ら・蝙九・豕ｨ驥医ｒ菴ｿ逕ｨ縺吶ｋ蠢・ｦ√′縺ゅｊ縺ｾ縺吶・[F:\mydata\program\EedeWin\Eede\Eede.Presentation\Eede.Presentation.csproj]
F:\mydata\program\EedeWin\Eede\Eede.Presentation\Views\Navigation\PictureActionMenu.axaml.cs(17,55): warning CS8632: '#nullable' 豕ｨ驥医さ繝ｳ繝・く繧ｹ繝亥・縺ｮ繧ｳ繝ｼ繝峨〒縺ｮ縺ｿ縲¨ull 險ｱ螳ｹ蜿ら・蝙九・豕ｨ驥医ｒ菴ｿ逕ｨ縺吶ｋ蠢・ｦ√′縺ゅｊ縺ｾ縺吶・[F:\mydata\program\EedeWin\Eede\Eede.Presentation\Eede.Presentation.csproj]
F:\mydata\program\EedeWin\Eede\Eede.Presentation\Views\DataEntry\PaletteForm.axaml.cs(31,20): warning CS8632: '#nullable' 豕ｨ驥医さ繝ｳ繝・く繧ｹ繝亥・縺ｮ繧ｳ繝ｼ繝峨〒縺ｮ縺ｿ縲¨ull 險ｱ螳ｹ蜿ら・蝙九・豕ｨ驥医ｒ菴ｿ逕ｨ縺吶ｋ蠢・ｦ√′縺ゅｊ縺ｾ縺吶・[F:\mydata\program\EedeWin\Eede\Eede.Presentation\Eede.Presentation.csproj]
F:\mydata\program\EedeWin\Eede\Eede.Presentation\Views\DataEntry\PaletteContainer.axaml.cs(21,20): warning CS8632: '#nullable' 豕ｨ驥医さ繝ｳ繝・く繧ｹ繝亥・縺ｮ繧ｳ繝ｼ繝峨〒縺ｮ縺ｿ縲¨ull 險ｱ螳ｹ蜿ら・蝙九・豕ｨ驥医ｒ菴ｿ逕ｨ縺吶ｋ蠢・ｦ√′縺ゅｊ縺ｾ縺吶・[F:\mydata\program\EedeWin\Eede\Eede.Presentation\Eede.Presentation.csproj]
F:\mydata\program\EedeWin\Eede\Eede.Presentation\Views\DataEntry\PaletteForm.axaml.cs(39,20): warning CS8632: '#nullable' 豕ｨ驥医さ繝ｳ繝・く繧ｹ繝亥・縺ｮ繧ｳ繝ｼ繝峨〒縺ｮ縺ｿ縲¨ull 險ｱ螳ｹ蜿ら・蝙九・豕ｨ驥医ｒ菴ｿ逕ｨ縺吶ｋ蠢・ｦ√′縺ゅｊ縺ｾ縺吶・[F:\mydata\program\EedeWin\Eede\Eede.Presentation\Eede.Presentation.csproj]
F:\mydata\program\EedeWin\Eede\Eede.Presentation\Views\DataEntry\PaletteContainer.axaml.cs(29,20): warning CS8632: '#nullable' 豕ｨ驥医さ繝ｳ繝・く繧ｹ繝亥・縺ｮ繧ｳ繝ｼ繝峨〒縺ｮ縺ｿ縲¨ull 險ｱ螳ｹ蜿ら・蝙九・豕ｨ驥医ｒ菴ｿ逕ｨ縺吶ｋ蠢・ｦ√′縺ゅｊ縺ｾ縺吶・[F:\mydata\program\EedeWin\Eede\Eede.Presentation\Eede.Presentation.csproj]
F:\mydata\program\EedeWin\Eede\Eede.Presentation\Views\DataEntry\PaletteForm.axaml.cs(86,47): warning CS8632: '#nullable' 豕ｨ驥医さ繝ｳ繝・く繧ｹ繝亥・縺ｮ繧ｳ繝ｼ繝峨〒縺ｮ縺ｿ縲¨ull 險ｱ螳ｹ蜿ら・蝙九・豕ｨ驥医ｒ菴ｿ逕ｨ縺吶ｋ蠢・ｦ√′縺ゅｊ縺ｾ縺吶・[F:\mydata\program\EedeWin\Eede\Eede.Presentation\Eede.Presentation.csproj]
F:\mydata\program\EedeWin\Eede\Eede.Presentation\ViewModels\Animations\AnimationViewModel.cs(21,63): warning CS8632: '#nullable' 豕ｨ驥医さ繝ｳ繝・く繧ｹ繝亥・縺ｮ繧ｳ繝ｼ繝峨〒縺ｮ縺ｿ縲¨ull 險ｱ螳ｹ蜿ら・蝙九・豕ｨ驥医ｒ菴ｿ逕ｨ縺吶ｋ蠢・ｦ√′縺ゅｊ縺ｾ縺吶・[F:\mydata\program\EedeWin\Eede\Eede.Presentation\Eede.Presentation.csproj]
F:\mydata\program\EedeWin\Eede\Eede.Presentation\Views\DataEntry\PaletteForm.axaml.cs(29,51): warning CS8632: '#nullable' 豕ｨ驥医さ繝ｳ繝・く繧ｹ繝亥・縺ｮ繧ｳ繝ｼ繝峨〒縺ｮ縺ｿ縲¨ull 險ｱ螳ｹ蜿ら・蝙九・豕ｨ驥医ｒ菴ｿ逕ｨ縺吶ｋ蠢・ｦ√′縺ゅｊ縺ｾ縺吶・[F:\mydata\program\EedeWin\Eede\Eede.Presentation\Eede.Presentation.csproj]
F:\mydata\program\EedeWin\Eede\Eede.Presentation\Views\DataEntry\PictureContainer.axaml.cs(34,37): warning CS8632: '#nullable' 豕ｨ驥医さ繝ｳ繝・く繧ｹ繝亥・縺ｮ繧ｳ繝ｼ繝峨〒縺ｮ縺ｿ縲¨ull 險ｱ螳ｹ蜿ら・蝙九・豕ｨ驥医ｒ菴ｿ逕ｨ縺吶ｋ蠢・ｦ√′縺ゅｊ縺ｾ縺吶・[F:\mydata\program\EedeWin\Eede\Eede.Presentation\Eede.Presentation.csproj]
F:\mydata\program\EedeWin\Eede\Eede.Presentation\Views\DataEntry\PaletteForm.axaml.cs(37,51): warning CS8632: '#nullable' 豕ｨ驥医さ繝ｳ繝・く繧ｹ繝亥・縺ｮ繧ｳ繝ｼ繝峨〒縺ｮ縺ｿ縲¨ull 險ｱ螳ｹ蜿ら・蝙九・豕ｨ驥医ｒ菴ｿ逕ｨ縺吶ｋ蠢・ｦ√′縺ゅｊ縺ｾ縺吶・[F:\mydata\program\EedeWin\Eede\Eede.Presentation\Eede.Presentation.csproj]
F:\mydata\program\EedeWin\Eede\Eede.Presentation\Views\DataEntry\PictureContainer.axaml.cs(39,64): warning CS8632: '#nullable' 豕ｨ驥医さ繝ｳ繝・く繧ｹ繝亥・縺ｮ繧ｳ繝ｼ繝峨〒縺ｮ縺ｿ縲¨ull 險ｱ螳ｹ蜿ら・蝙九・豕ｨ驥医ｒ菴ｿ逕ｨ縺吶ｋ蠢・ｦ√′縺ゅｊ縺ｾ縺吶・[F:\mydata\program\EedeWin\Eede\Eede.Presentation\Eede.Presentation.csproj]
F:\mydata\program\EedeWin\Eede\Eede.Presentation\Views\DataEntry\PaletteContainer.axaml.cs(19,51): warning CS8632: '#nullable' 豕ｨ驥医さ繝ｳ繝・く繧ｹ繝亥・縺ｮ繧ｳ繝ｼ繝峨〒縺ｮ縺ｿ縲¨ull 險ｱ螳ｹ蜿ら・蝙九・豕ｨ驥医ｒ菴ｿ逕ｨ縺吶ｋ蠢・ｦ√′縺ゅｊ縺ｾ縺吶・[F:\mydata\program\EedeWin\Eede\Eede.Presentation\Eede.Presentation.csproj]
F:\mydata\program\EedeWin\Eede\Eede.Presentation\Views\DataEntry\PaletteContainer.axaml.cs(27,51): warning CS8632: '#nullable' 豕ｨ驥医さ繝ｳ繝・く繧ｹ繝亥・縺ｮ繧ｳ繝ｼ繝峨〒縺ｮ縺ｿ縲¨ull 險ｱ螳ｹ蜿ら・蝙九・豕ｨ驥医ｒ菴ｿ逕ｨ縺吶ｋ蠢・ｦ√′縺ゅｊ縺ｾ縺吶・[F:\mydata\program\EedeWin\Eede\Eede.Presentation\Eede.Presentation.csproj]
F:\mydata\program\EedeWin\Eede\Eede.Presentation\Views\DataEntry\PictureContainer.axaml.cs(128,24): warning CS8632: '#nullable' 豕ｨ驥医さ繝ｳ繝・く繧ｹ繝亥・縺ｮ繧ｳ繝ｼ繝峨〒縺ｮ縺ｿ縲¨ull 險ｱ螳ｹ蜿ら・蝙九・豕ｨ驥医ｒ菴ｿ逕ｨ縺吶ｋ蠢・ｦ√′縺ゅｊ縺ｾ縺吶・[F:\mydata\program\EedeWin\Eede\Eede.Presentation\Eede.Presentation.csproj]
F:\mydata\program\EedeWin\Eede\Eede.Presentation\Views\DataEntry\PictureContainer.axaml.cs(136,24): warning CS8632: '#nullable' 豕ｨ驥医さ繝ｳ繝・く繧ｹ繝亥・縺ｮ繧ｳ繝ｼ繝峨〒縺ｮ縺ｿ縲¨ull 險ｱ螳ｹ蜿ら・蝙九・豕ｨ驥医ｒ菴ｿ逕ｨ縺吶ｋ蠢・ｦ√′縺ゅｊ縺ｾ縺吶・[F:\mydata\program\EedeWin\Eede\Eede.Presentation\Eede.Presentation.csproj]
F:\mydata\program\EedeWin\Eede\Eede.Presentation\Views\DataEntry\PictureContainer.axaml.cs(144,24): warning CS8632: '#nullable' 豕ｨ驥医さ繝ｳ繝・く繧ｹ繝亥・縺ｮ繧ｳ繝ｼ繝峨〒縺ｮ縺ｿ縲¨ull 險ｱ螳ｹ蜿ら・蝙九・豕ｨ驥医ｒ菴ｿ逕ｨ縺吶ｋ蠢・ｦ√′縺ゅｊ縺ｾ縺吶・[F:\mydata\program\EedeWin\Eede\Eede.Presentation\Eede.Presentation.csproj]
F:\mydata\program\EedeWin\Eede\Eede.Presentation\Views\DataEntry\PictureContainer.axaml.cs(163,45): warning CS8632: '#nullable' 豕ｨ驥医さ繝ｳ繝・く繧ｹ繝亥・縺ｮ繧ｳ繝ｼ繝峨〒縺ｮ縺ｿ縲¨ull 險ｱ螳ｹ蜿ら・蝙九・豕ｨ驥医ｒ菴ｿ逕ｨ縺吶ｋ蠢・ｦ√′縺ゅｊ縺ｾ縺吶・[F:\mydata\program\EedeWin\Eede\Eede.Presentation\Eede.Presentation.csproj]
F:\mydata\program\EedeWin\Eede\Eede.Presentation\Views\DataEntry\PictureContainer.axaml.cs(210,43): warning CS8632: '#nullable' 豕ｨ驥医さ繝ｳ繝・く繧ｹ繝亥・縺ｮ繧ｳ繝ｼ繝峨〒縺ｮ縺ｿ縲¨ull 險ｱ螳ｹ蜿ら・蝙九・豕ｨ驥医ｒ菴ｿ逕ｨ縺吶ｋ蠢・ｦ√′縺ゅｊ縺ｾ縺吶・[F:\mydata\program\EedeWin\Eede\Eede.Presentation\Eede.Presentation.csproj]
F:\mydata\program\EedeWin\Eede\Eede.Presentation\Views\DataEntry\PictureContainer.axaml.cs(221,46): warning CS8632: '#nullable' 豕ｨ驥医さ繝ｳ繝・く繧ｹ繝亥・縺ｮ繧ｳ繝ｼ繝峨〒縺ｮ縺ｿ縲¨ull 險ｱ螳ｹ蜿ら・蝙九・豕ｨ驥医ｒ菴ｿ逕ｨ縺吶ｋ蠢・ｦ√′縺ゅｊ縺ｾ縺吶・[F:\mydata\program\EedeWin\Eede\Eede.Presentation\Eede.Presentation.csproj]
F:\mydata\program\EedeWin\Eede\Eede.Presentation\Views\DataEntry\PictureContainer.axaml.cs(258,44): warning CS8632: '#nullable' 豕ｨ驥医さ繝ｳ繝・く繧ｹ繝亥・縺ｮ繧ｳ繝ｼ繝峨〒縺ｮ縺ｿ縲¨ull 險ｱ螳ｹ蜿ら・蝙九・豕ｨ驥医ｒ菴ｿ逕ｨ縺吶ｋ蠢・ｦ√′縺ゅｊ縺ｾ縺吶・[F:\mydata\program\EedeWin\Eede\Eede.Presentation\Eede.Presentation.csproj]
F:\mydata\program\EedeWin\Eede\Eede.Presentation\Views\DataEntry\PictureContainer.axaml.cs(21,37): warning CS8632: '#nullable' 豕ｨ驥医さ繝ｳ繝・く繧ｹ繝亥・縺ｮ繧ｳ繝ｼ繝峨〒縺ｮ縺ｿ縲¨ull 險ｱ螳ｹ蜿ら・蝙九・豕ｨ驥医ｒ菴ｿ逕ｨ縺吶ｋ蠢・ｦ√′縺ゅｊ縺ｾ縺吶・[F:\mydata\program\EedeWin\Eede\Eede.Presentation\Eede.Presentation.csproj]
F:\mydata\program\EedeWin\Eede\Eede.Presentation\Views\DataEntry\PictureContainer.axaml.cs(126,55): warning CS8632: '#nullable' 豕ｨ驥医さ繝ｳ繝・く繧ｹ繝亥・縺ｮ繧ｳ繝ｼ繝峨〒縺ｮ縺ｿ縲¨ull 險ｱ螳ｹ蜿ら・蝙九・豕ｨ驥医ｒ菴ｿ逕ｨ縺吶ｋ蠢・ｦ√′縺ゅｊ縺ｾ縺吶・[F:\mydata\program\EedeWin\Eede\Eede.Presentation\Eede.Presentation.csproj]
F:\mydata\program\EedeWin\Eede\Eede.Presentation\Views\DataEntry\PictureContainer.axaml.cs(134,55): warning CS8632: '#nullable' 豕ｨ驥医さ繝ｳ繝・く繧ｹ繝亥・縺ｮ繧ｳ繝ｼ繝峨〒縺ｮ縺ｿ縲¨ull 險ｱ螳ｹ蜿ら・蝙九・豕ｨ驥医ｒ菴ｿ逕ｨ縺吶ｋ蠢・ｦ√′縺ゅｊ縺ｾ縺吶・[F:\mydata\program\EedeWin\Eede\Eede.Presentation\Eede.Presentation.csproj]
F:\mydata\program\EedeWin\Eede\Eede.Presentation\Views\DataEntry\PictureContainer.axaml.cs(142,55): warning CS8632: '#nullable' 豕ｨ驥医さ繝ｳ繝・く繧ｹ繝亥・縺ｮ繧ｳ繝ｼ繝峨〒縺ｮ縺ｿ縲¨ull 險ｱ螳ｹ蜿ら・蝙九・豕ｨ驥医ｒ菴ｿ逕ｨ縺吶ｋ蠢・ｦ√′縺ゅｊ縺ｾ縺吶・[F:\mydata\program\EedeWin\Eede\Eede.Presentation\Eede.Presentation.csproj]
F:\mydata\program\EedeWin\Eede\Eede.Presentation\Views\DataEntry\PictureContainer.axaml.cs(127,65): warning CS8632: '#nullable' 豕ｨ驥医さ繝ｳ繝・く繧ｹ繝亥・縺ｮ繧ｳ繝ｼ繝峨〒縺ｮ縺ｿ縲¨ull 險ｱ螳ｹ蜿ら・蝙九・豕ｨ驥医ｒ菴ｿ逕ｨ縺吶ｋ蠢・ｦ√′縺ゅｊ縺ｾ縺吶・[F:\mydata\program\EedeWin\Eede\Eede.Presentation\Eede.Presentation.csproj]
F:\mydata\program\EedeWin\Eede\Eede.Presentation\Views\DataEntry\PictureContainer.axaml.cs(135,65): warning CS8632: '#nullable' 豕ｨ驥医さ繝ｳ繝・く繧ｹ繝亥・縺ｮ繧ｳ繝ｼ繝峨〒縺ｮ縺ｿ縲¨ull 險ｱ螳ｹ蜿ら・蝙九・豕ｨ驥医ｒ菴ｿ逕ｨ縺吶ｋ蠢・ｦ√′縺ゅｊ縺ｾ縺吶・[F:\mydata\program\EedeWin\Eede\Eede.Presentation\Eede.Presentation.csproj]
F:\mydata\program\EedeWin\Eede\Eede.Presentation\Views\DataEntry\PictureContainer.axaml.cs(143,65): warning CS8632: '#nullable' 豕ｨ驥医さ繝ｳ繝・く繧ｹ繝亥・縺ｮ繧ｳ繝ｼ繝峨〒縺ｮ縺ｿ縲¨ull 險ｱ螳ｹ蜿ら・蝙九・豕ｨ驥医ｒ菴ｿ逕ｨ縺吶ｋ蠢・ｦ√′縺ゅｊ縺ｾ縺吶・[F:\mydata\program\EedeWin\Eede\Eede.Presentation\Eede.Presentation.csproj]
F:\mydata\program\EedeWin\Eede\Eede.Presentation\Views\DataDisplay\PictureFrame.axaml.cs(16,64): warning CS8632: '#nullable' 豕ｨ驥医さ繝ｳ繝・く繧ｹ繝亥・縺ｮ繧ｳ繝ｼ繝峨〒縺ｮ縺ｿ縲¨ull 險ｱ螳ｹ蜿ら・蝙九・豕ｨ驥医ｒ菴ｿ逕ｨ縺吶ｋ蠢・ｦ√′縺ゅｊ縺ｾ縺吶・[F:\mydata\program\EedeWin\Eede\Eede.Presentation\Eede.Presentation.csproj]
F:\mydata\program\EedeWin\Eede\Eede.Presentation\Views\DataDisplay\PictureFrame.axaml.cs(29,68): warning CS8632: '#nullable' 豕ｨ驥医さ繝ｳ繝・く繧ｹ繝亥・縺ｮ繧ｳ繝ｼ繝峨〒縺ｮ縺ｿ縲¨ull 險ｱ螳ｹ蜿ら・蝙九・豕ｨ驥医ｒ菴ｿ逕ｨ縺吶ｋ蠢・ｦ√′縺ゅｊ縺ｾ縺吶・[F:\mydata\program\EedeWin\Eede\Eede.Presentation\Eede.Presentation.csproj]
F:\mydata\program\EedeWin\Eede\Eede.Presentation\Views\Navigation\PictureActionMenu.axaml.cs(18,66): warning CS8632: '#nullable' 豕ｨ驥医さ繝ｳ繝・く繧ｹ繝亥・縺ｮ繧ｳ繝ｼ繝峨〒縺ｮ縺ｿ縲¨ull 險ｱ螳ｹ蜿ら・蝙九・豕ｨ驥医ｒ菴ｿ逕ｨ縺吶ｋ蠢・ｦ√′縺ゅｊ縺ｾ縺吶・[F:\mydata\program\EedeWin\Eede\Eede.Presentation\Eede.Presentation.csproj]
F:\mydata\program\EedeWin\Eede\Eede.Presentation\Views\DataEntry\DrawableCanvas.axaml.cs(26,63): warning CS8632: '#nullable' 豕ｨ驥医さ繝ｳ繝・く繧ｹ繝亥・縺ｮ繧ｳ繝ｼ繝峨〒縺ｮ縺ｿ縲¨ull 險ｱ螳ｹ蜿ら・蝙九・豕ｨ驥医ｒ菴ｿ逕ｨ縺吶ｋ蠢・ｦ√′縺ゅｊ縺ｾ縺吶・[F:\mydata\program\EedeWin\Eede\Eede.Presentation\Eede.Presentation.csproj]
F:\mydata\program\EedeWin\Eede\Eede.Presentation\Views\DataEntry\DrawableCanvas.axaml.cs(34,63): warning CS8632: '#nullable' 豕ｨ驥医さ繝ｳ繝・く繧ｹ繝亥・縺ｮ繧ｳ繝ｼ繝峨〒縺ｮ縺ｿ縲¨ull 險ｱ螳ｹ蜿ら・蝙九・豕ｨ驥医ｒ菴ｿ逕ｨ縺吶ｋ蠢・ｦ√′縺ゅｊ縺ｾ縺吶・[F:\mydata\program\EedeWin\Eede\Eede.Presentation\Eede.Presentation.csproj]
F:\mydata\program\EedeWin\Eede\Eede.Presentation\Views\DataEntry\DrawableCanvas.axaml.cs(42,63): warning CS8632: '#nullable' 豕ｨ驥医さ繝ｳ繝・く繧ｹ繝亥・縺ｮ繧ｳ繝ｼ繝峨〒縺ｮ縺ｿ縲¨ull 險ｱ螳ｹ蜿ら・蝙九・豕ｨ驥医ｒ菴ｿ逕ｨ縺吶ｋ蠢・ｦ√′縺ゅｊ縺ｾ縺吶・[F:\mydata\program\EedeWin\Eede\Eede.Presentation\Eede.Presentation.csproj]
F:\mydata\program\EedeWin\Eede\Eede.Presentation\Views\DataEntry\DrawableCanvas.axaml.cs(50,63): warning CS8632: '#nullable' 豕ｨ驥医さ繝ｳ繝・く繧ｹ繝亥・縺ｮ繧ｳ繝ｼ繝峨〒縺ｮ縺ｿ縲¨ull 險ｱ螳ｹ蜿ら・蝙九・豕ｨ驥医ｒ菴ｿ逕ｨ縺吶ｋ蠢・ｦ√′縺ゅｊ縺ｾ縺吶・[F:\mydata\program\EedeWin\Eede\Eede.Presentation\Eede.Presentation.csproj]
F:\mydata\program\EedeWin\Eede\Eede.Presentation\Views\DataEntry\DrawableCanvas.axaml.cs(58,63): warning CS8632: '#nullable' 豕ｨ驥医さ繝ｳ繝・く繧ｹ繝亥・縺ｮ繧ｳ繝ｼ繝峨〒縺ｮ縺ｿ縲¨ull 險ｱ螳ｹ蜿ら・蝙九・豕ｨ驥医ｒ菴ｿ逕ｨ縺吶ｋ蠢・ｦ√′縺ゅｊ縺ｾ縺吶・[F:\mydata\program\EedeWin\Eede\Eede.Presentation\Eede.Presentation.csproj]
F:\mydata\program\EedeWin\Eede\Eede.Presentation\Views\General\GridView.axaml.cs(14,61): warning CS8632: '#nullable' 豕ｨ驥医さ繝ｳ繝・く繧ｹ繝亥・縺ｮ繧ｳ繝ｼ繝峨〒縺ｮ縺ｿ縲¨ull 險ｱ螳ｹ蜿ら・蝙九・豕ｨ驥医ｒ菴ｿ逕ｨ縺吶ｋ蠢・ｦ√′縺ゅｊ縺ｾ縺吶・[F:\mydata\program\EedeWin\Eede\Eede.Presentation\Eede.Presentation.csproj]
F:\mydata\program\EedeWin\Eede\Eede.Presentation\Views\DataEntry\PaletteContainer.axaml.cs(20,61): warning CS8632: '#nullable' 豕ｨ驥医さ繝ｳ繝・く繧ｹ繝亥・縺ｮ繧ｳ繝ｼ繝峨〒縺ｮ縺ｿ縲¨ull 險ｱ螳ｹ蜿ら・蝙九・豕ｨ驥医ｒ菴ｿ逕ｨ縺吶ｋ蠢・ｦ√′縺ゅｊ縺ｾ縺吶・[F:\mydata\program\EedeWin\Eede\Eede.Presentation\Eede.Presentation.csproj]
F:\mydata\program\EedeWin\Eede\Eede.Presentation\Views\DataEntry\PaletteContainer.axaml.cs(28,61): warning CS8632: '#nullable' 豕ｨ驥医さ繝ｳ繝・く繧ｹ繝亥・縺ｮ繧ｳ繝ｼ繝峨〒縺ｮ縺ｿ縲¨ull 險ｱ螳ｹ蜿ら・蝙九・豕ｨ驥医ｒ菴ｿ逕ｨ縺吶ｋ蠢・ｦ√′縺ゅｊ縺ｾ縺吶・[F:\mydata\program\EedeWin\Eede\Eede.Presentation\Eede.Presentation.csproj]
F:\mydata\program\EedeWin\Eede\Eede.Presentation\Views\DataEntry\PaletteForm.axaml.cs(30,59): warning CS8632: '#nullable' 豕ｨ驥医さ繝ｳ繝・く繧ｹ繝亥・縺ｮ繧ｳ繝ｼ繝峨〒縺ｮ縺ｿ縲¨ull 險ｱ螳ｹ蜿ら・蝙九・豕ｨ驥医ｒ菴ｿ逕ｨ縺吶ｋ蠢・ｦ√′縺ゅｊ縺ｾ縺吶・[F:\mydata\program\EedeWin\Eede\Eede.Presentation\Eede.Presentation.csproj]
F:\mydata\program\EedeWin\Eede\Eede.Presentation\Views\DataEntry\PaletteForm.axaml.cs(38,59): warning CS8632: '#nullable' 豕ｨ驥医さ繝ｳ繝・く繧ｹ繝亥・縺ｮ繧ｳ繝ｼ繝峨〒縺ｮ縺ｿ縲¨ull 險ｱ螳ｹ蜿ら・蝙九・豕ｨ驥医ｒ菴ｿ逕ｨ縺吶ｋ蠢・ｦ√′縺ゅｊ縺ｾ縺吶・[F:\mydata\program\EedeWin\Eede\Eede.Presentation\Eede.Presentation.csproj]
F:\mydata\program\EedeWin\Eede\Eede.Presentation\ViewModels\DataEntry\PaletteContainerViewModel.cs(48,13): warning CS8073: 蝙・'ArgbColor' 縺ｮ蛟､縺悟梛 'ArgbColor?' 縺ｮ 'null' 縺ｫ遲峨＠縺上↑繧九％縺ｨ縺ｯ縺ｪ縺・・縺ｧ縲∝ｼ上・邨先棡縺ｯ蟶ｸ縺ｫ 'false' 縺ｫ縺ｪ繧翫∪縺・[F:\mydata\program\EedeWin\Eede\Eede.Presentation\Eede.Presentation.csproj]
F:\mydata\program\EedeWin\Eede\Eede.Presentation\ViewModels\DataEntry\DrawableCanvasViewModel.cs(116,21): warning CS8073: 蝙・'PictureArea' 縺ｮ蛟､縺悟梛 'PictureArea?' 縺ｮ 'null' 縺ｫ遲峨＠縺上↑繧九％縺ｨ縺ｯ縺ｪ縺・・縺ｧ縲∝ｼ上・邨先棡縺ｯ蟶ｸ縺ｫ 'true' 縺ｫ縺ｪ繧翫∪縺・[F:\mydata\program\EedeWin\Eede\Eede.Presentation\Eede.Presentation.csproj]
F:\mydata\program\EedeWin\Eede\Eede.Presentation\Views\DataEntry\PictureContainer.axaml.cs(159,57): warning CS0067: 繧､繝吶Φ繝・'PictureContainer.PicturePushed' 縺ｯ菴ｿ逕ｨ縺輔ｌ縺ｦ縺・∪縺帙ｓ [F:\mydata\program\EedeWin\Eede\Eede.Presentation\Eede.Presentation.csproj]
F:\mydata\program\EedeWin\Eede\Eede.Presentation\Views\DataEntry\PictureContainer.axaml.cs(158,57): warning CS0067: 繧､繝吶Φ繝・'PictureContainer.PicturePulled' 縺ｯ菴ｿ逕ｨ縺輔ｌ縺ｦ縺・∪縺帙ｓ [F:\mydata\program\EedeWin\Eede\Eede.Presentation\Eede.Presentation.csproj]
F:\mydata\program\EedeWin\Eede\Eede.Presentation\Views/Pages/SaveAlertWindow.axaml : Avalonia warning AVLN3001: XAML resource "avares://Eede.Presentation/Views/Pages/SaveAlertWindow.axaml" won't be reachable via runtime loader, as no public constructor was found [F:\mydata\program\EedeWin\Eede\Eede.Presentation\Eede.Presentation.csproj]
  Eede.Presentation -> F:\mydata\program\EedeWin\Eede\Eede.Presentation\bin\Debug\net8.0-windows\Eede.Presentation.dll
  Eede.Presentation.Tests -> F:\mydata\program\EedeWin\Eede\Eede.Presentation.Tests\bin\Debug\net8.0-windows\Eede.Presentation.Tests.dll
F:\mydata\program\EedeWin\Eede\Eede.Presentation.Tests\bin\Debug\net8.0-windows\Eede.Presentation.Tests.dll (.NETCoreApp,Version=v8.0) 縺ｮ繝・せ繝亥ｮ溯｡・
VSTest 縺ｮ繝舌・繧ｸ繝ｧ繝ｳ 17.14.1 (x64)

繝・せ繝亥ｮ溯｡後ｒ髢句ｧ九＠縺ｦ縺・∪縺吶ゅ♀蠕・■縺上□縺輔＞...
蜷郁ｨ・1 蛟九・繝・せ繝・繝輔ぃ繧､繝ｫ縺梧欠螳壹＆繧後◆繝代ち繝ｼ繝ｳ縺ｨ荳閾ｴ縺励∪縺励◆縲・
NUnit Adapter 5.0.0.0: Test execution started
Running all tests in F:\mydata\program\EedeWin\Eede\Eede.Presentation.Tests\bin\Debug\net8.0-windows\Eede.Presentation.Tests.dll
   NUnit3TestExecutor discovered 4 of 4 NUnit test cases using Current Discovery mode, Non-Explicit run
NUnit Adapter 5.0.0.0: Test execution complete
  謌仙粥 Test1 [13 ms]
  謌仙粥 ShouldInitializeWithCorrectProperties [647 ms]
  謌仙粥 CurrentFrame_ShouldUpdateWhenIndexChanges [5 ms]
  謌仙粥 CurrentFrameIndex_ShouldIncrementBasedOnDuration [9 ms]

繝・せ繝医・螳溯｡後↓謌仙粥縺励∪縺励◆縲・
繝・せ繝医・蜷郁ｨ域焚: 4
     謌仙粥: 4
蜷郁ｨ域凾髢・ 1.2516 遘・
